=== journalctl first 20 seconds ===
1775252139.508948 localhost kernel: Linux version 6.8.0-107-generic (buildd@lcy02-amd64-059) (x86_64-linux-gnu-gcc-13 (Ubuntu 13.3.0-6ubuntu2~24.04.1) 13.3.0, GNU ld (GNU Binutils for Ubuntu) 2.42) #107-Ubuntu SMP PREEMPT_DYNAMIC Fri Mar 13 19:51:50 UTC 2026 (Ubuntu 6.8.0-107.107-generic 6.8.12)
1775252139.508972 localhost kernel: Command line: BOOT_IMAGE=/vmlinuz-6.8.0-107-generic root=/dev/mapper/ubuntu--vg-ubuntu--lv ro
1775252139.508979 localhost kernel: KERNEL supported cpus:
1775252139.508984 localhost kernel:   Intel GenuineIntel
1775252139.508988 localhost kernel:   AMD AuthenticAMD
1775252139.508992 localhost kernel:   Hygon HygonGenuine
1775252139.508997 localhost kernel:   Centaur CentaurHauls
1775252139.509002 localhost kernel:   zhaoxin   Shanghai  
1775252139.509006 localhost kernel: BIOS-provided physical RAM map:
1775252139.509010 localhost kernel: BIOS-e820: [mem 0x0000000000000000-0x000000000009fbff] usable
1775252139.509014 localhost kernel: BIOS-e820: [mem 0x000000000009fc00-0x000000000009ffff] reserved
1775252139.509020 localhost kernel: BIOS-e820: [mem 0x00000000000f0000-0x00000000000fffff] reserved
1775252139.509038 localhost kernel: BIOS-e820: [mem 0x0000000000100000-0x00000000bffd9fff] usable
1775252139.509049 localhost kernel: BIOS-e820: [mem 0x00000000bffda000-0x00000000bfffffff] reserved
1775252139.509058 localhost kernel: BIOS-e820: [mem 0x00000000feffc000-0x00000000feffffff] reserved
1775252139.509066 localhost kernel: BIOS-e820: [mem 0x00000000fffc0000-0x00000000ffffffff] reserved
1775252139.509074 localhost kernel: BIOS-e820: [mem 0x0000000100000000-0x000000013fffffff] usable
1775252139.509081 localhost kernel: BIOS-e820: [mem 0x000000fd00000000-0x000000ffffffffff] reserved
1775252139.509088 localhost kernel: NX (Execute Disable) protection: active
1775252139.509095 localhost kernel: APIC: Static calls initialized
1775252139.509102 localhost kernel: SMBIOS 2.8 present.
1775252139.509107 localhost kernel: DMI: QEMU Standard PC (i440FX + PIIX, 1996), BIOS rel-1.17.0-0-gb52ca86e094d-prebuilt.qemu.org 04/01/2014
1775252139.509112 localhost kernel: Hypervisor detected: KVM
1775252139.509116 localhost kernel: kvm-clock: Using msrs 4b564d01 and 4b564d00
1775252139.509120 localhost kernel: kvm-clock: using sched offset of 11400200453 cycles
1775252139.509127 localhost kernel: clocksource: kvm-clock: mask: 0xffffffffffffffff max_cycles: 0x1cd42e4dffb, max_idle_ns: 881590591483 ns
1775252139.509131 localhost kernel: tsc: Detected 3399.998 MHz processor
1775252139.509136 localhost kernel: e820: update [mem 0x00000000-0x00000fff] usable ==> reserved
1775252139.509141 localhost kernel: e820: remove [mem 0x000a0000-0x000fffff] usable
1775252139.509145 localhost kernel: AGP: No AGP bridge found
1775252139.509150 localhost kernel: last_pfn = 0x140000 max_arch_pfn = 0x400000000
1775252139.509154 localhost kernel: MTRR map: 4 entries (3 fixed + 1 variable; max 19), built from 8 variable MTRRs
1775252139.509159 localhost kernel: x86/PAT: Configuration [0-7]: WB  WC  UC- UC  WB  WP  UC- WT  
1775252139.509163 localhost kernel: last_pfn = 0xbffda max_arch_pfn = 0x400000000
1775252139.509167 localhost kernel: found SMP MP-table at [mem 0x000f5490-0x000f549f]
1775252139.509171 localhost kernel: RAMDISK: [mem 0x2ee4d000-0x3371dfff]
1775252139.509176 localhost kernel: ACPI: Early table checksum verification disabled
1775252139.509182 localhost kernel: ACPI: RSDP 0x00000000000F5290 000014 (v00 BOCHS )
1775252139.509187 localhost kernel: ACPI: RSDT 0x00000000BFFE3B5F 000034 (v01 BOCHS  BXPC     00000001 BXPC 00000001)
1775252139.509193 localhost kernel: ACPI: FACP 0x00000000BFFE3979 000074 (v01 BOCHS  BXPC     00000001 BXPC 00000001)
1775252139.509202 localhost kernel: ACPI: DSDT 0x00000000BFFDF040 004939 (v01 BOCHS  BXPC     00000001 BXPC 00000001)
1775252139.509211 localhost kernel: ACPI: FACS 0x00000000BFFDF000 000040
1775252139.509219 localhost kernel: ACPI: APIC 0x00000000BFFE39ED 000080 (v03 BOCHS  BXPC     00000001 BXPC 00000001)
1775252139.509227 localhost kernel: ACPI: SSDT 0x00000000BFFE3A6D 0000CA (v01 BOCHS  VMGENID  00000001 BXPC 00000001)
1775252139.509235 localhost kernel: ACPI: WAET 0x00000000BFFE3B37 000028 (v01 BOCHS  BXPC     00000001 BXPC 00000001)
1775252139.509242 localhost kernel: ACPI: Reserving FACP table memory at [mem 0xbffe3979-0xbffe39ec]
1775252139.509249 localhost kernel: ACPI: Reserving DSDT table memory at [mem 0xbffdf040-0xbffe3978]
1775252139.509256 localhost kernel: ACPI: Reserving FACS table memory at [mem 0xbffdf000-0xbffdf03f]
1775252139.509261 localhost kernel: ACPI: Reserving APIC table memory at [mem 0xbffe39ed-0xbffe3a6c]
1775252139.509265 localhost kernel: ACPI: Reserving SSDT table memory at [mem 0xbffe3a6d-0xbffe3b36]
1775252139.509269 localhost kernel: ACPI: Reserving WAET table memory at [mem 0xbffe3b37-0xbffe3b5e]
1775252139.509275 localhost kernel: No NUMA configuration found
1775252139.509280 localhost kernel: Faking a node at [mem 0x0000000000000000-0x000000013fffffff]
1775252139.509284 localhost kernel: NODE_DATA(0) allocated [mem 0x13ffd2000-0x13fffcfff]
1775252139.509288 localhost kernel: Zone ranges:
1775252139.509293 localhost kernel:   DMA      [mem 0x0000000000001000-0x0000000000ffffff]
1775252139.509297 localhost kernel:   DMA32    [mem 0x0000000001000000-0x00000000ffffffff]
1775252139.509301 localhost kernel:   Normal   [mem 0x0000000100000000-0x000000013fffffff]
1775252139.509306 localhost kernel:   Device   empty
1775252139.509313 localhost kernel: Movable zone start for each node
1775252139.509317 localhost kernel: Early memory node ranges
1775252139.509323 localhost kernel:   node   0: [mem 0x0000000000001000-0x000000000009efff]
1775252139.509330 localhost kernel:   node   0: [mem 0x0000000000100000-0x00000000bffd9fff]
1775252139.509424 localhost kernel:   node   0: [mem 0x0000000100000000-0x000000013fffffff]
1775252139.509434 localhost kernel: Initmem setup node 0 [mem 0x0000000000001000-0x000000013fffffff]
1775252139.509439 localhost kernel: On node 0, zone DMA: 1 pages in unavailable ranges
1775252139.509444 localhost kernel: On node 0, zone DMA: 97 pages in unavailable ranges
1775252139.509448 localhost kernel: On node 0, zone Normal: 38 pages in unavailable ranges
1775252139.509452 localhost kernel: ACPI: PM-Timer IO Port: 0x608
1775252139.509456 localhost kernel: ACPI: LAPIC_NMI (acpi_id[0xff] dfl dfl lint[0x1])
1775252139.509462 localhost kernel: IOAPIC[0]: apic_id 0, version 17, address 0xfec00000, GSI 0-23
1775252139.509469 localhost kernel: ACPI: INT_SRC_OVR (bus 0 bus_irq 0 global_irq 2 dfl dfl)
1775252139.509477 localhost kernel: ACPI: INT_SRC_OVR (bus 0 bus_irq 5 global_irq 5 high level)
1775252139.509485 localhost kernel: ACPI: INT_SRC_OVR (bus 0 bus_irq 9 global_irq 9 high level)
1775252139.509493 localhost kernel: ACPI: INT_SRC_OVR (bus 0 bus_irq 10 global_irq 10 high level)
1775252139.509503 localhost kernel: ACPI: INT_SRC_OVR (bus 0 bus_irq 11 global_irq 11 high level)
1775252139.509510 localhost kernel: ACPI: Using ACPI (MADT) for SMP configuration information
1775252139.509514 localhost kernel: smpboot: Allowing 2 CPUs, 0 hotplug CPUs
1775252139.509519 localhost kernel: kvm-guest: APIC: eoi() replaced with kvm_guest_apic_eoi_write()
1775252139.509523 localhost kernel: PM: hibernation: Registered nosave memory: [mem 0x00000000-0x00000fff]
1775252139.509528 localhost kernel: PM: hibernation: Registered nosave memory: [mem 0x0009f000-0x000fffff]
1775252139.509532 localhost kernel: PM: hibernation: Registered nosave memory: [mem 0xbffda000-0xffffffff]
1775252139.509536 localhost kernel: [mem 0xc0000000-0xfeffbfff] available for PCI devices
1775252139.509540 localhost kernel: Booting paravirtualized kernel on KVM
1775252139.509545 localhost kernel: clocksource: refined-jiffies: mask: 0xffffffff max_cycles: 0xffffffff, max_idle_ns: 1910969940391419 ns
1775252139.509550 localhost kernel: setup_percpu: NR_CPUS:8192 nr_cpumask_bits:2 nr_cpu_ids:2 nr_node_ids:1
1775252139.509555 localhost kernel: percpu: Embedded 85 pages/cpu s225280 r8192 d114688 u1048576
1775252139.509560 localhost kernel: pcpu-alloc: s225280 r8192 d114688 u1048576 alloc=1*2097152
1775252139.509564 localhost kernel: pcpu-alloc: [0] 0 1 
1775252139.509568 localhost kernel: kvm-guest: PV spinlocks enabled
1775252139.509572 localhost kernel: PV qspinlock hash table entries: 256 (order: 0, 4096 bytes, linear)
1775252139.509576 localhost kernel: Kernel command line: BOOT_IMAGE=/vmlinuz-6.8.0-107-generic root=/dev/mapper/ubuntu--vg-ubuntu--lv ro
1775252139.509581 localhost kernel: Dentry cache hash table entries: 524288 (order: 10, 4194304 bytes, linear)
1775252139.509585 localhost kernel: Inode-cache hash table entries: 262144 (order: 9, 2097152 bytes, linear)
1775252139.509589 localhost kernel: Fallback order for Node 0: 0 
1775252139.509593 localhost kernel: Built 1 zonelists, mobility grouping on.  Total pages: 1031898
1775252139.509598 localhost kernel: Policy zone: Normal
1775252139.509602 localhost kernel: mem auto-init: stack:all(zero), heap alloc:on, heap free:off
1775252139.509607 localhost kernel: AGP: Checking aperture...
1775252139.509611 localhost kernel: AGP: No AGP bridge found
1775252139.509616 localhost kernel: software IO TLB: area num 2.
1775252139.509620 localhost kernel: Memory: 3926072K/4193760K available (22528K kernel code, 4436K rwdata, 14408K rodata, 4920K init, 4792K bss, 267428K reserved, 0K cma-reserved)
1775252139.509625 localhost kernel: SLUB: HWalign=64, Order=0-3, MinObjects=0, CPUs=2, Nodes=1
1775252139.509629 localhost kernel: ftrace: allocating 58280 entries in 228 pages
1775252139.509633 localhost kernel: ftrace: allocated 228 pages with 4 groups
1775252139.509638 localhost kernel: Dynamic Preempt: voluntary
1775252139.509642 localhost kernel: rcu: Preemptible hierarchical RCU implementation.
1775252139.509647 localhost kernel: rcu:         RCU restricting CPUs from NR_CPUS=8192 to nr_cpu_ids=2.
1775252139.509651 localhost kernel:         Trampoline variant of Tasks RCU enabled.
1775252139.509655 localhost kernel:         Rude variant of Tasks RCU enabled.
1775252139.509660 localhost kernel:         Tracing variant of Tasks RCU enabled.
1775252139.509665 localhost kernel: rcu: RCU calculated value of scheduler-enlistment delay is 100 jiffies.
1775252139.509669 localhost kernel: rcu: Adjusting geometry for rcu_fanout_leaf=16, nr_cpu_ids=2
1775252139.509673 localhost kernel: RCU Tasks: Setting shift to 1 and lim to 1 rcu_task_cb_adjust=1 rcu_task_cpu_ids=2.
1775252139.509678 localhost kernel: RCU Tasks Rude: Setting shift to 1 and lim to 1 rcu_task_cb_adjust=1 rcu_task_cpu_ids=2.
1775252139.509682 localhost kernel: RCU Tasks Trace: Setting shift to 1 and lim to 1 rcu_task_cb_adjust=1 rcu_task_cpu_ids=2.
1775252139.509686 localhost kernel: NR_IRQS: 524544, nr_irqs: 440, preallocated irqs: 16
1775252139.509690 localhost kernel: rcu: srcu_init: Setting srcu_struct sizes based on contention.
1775252139.509701 localhost kernel: Console: colour dummy device 80x25
1775252139.509708 localhost kernel: printk: legacy console [tty0] enabled
1775252139.509721 localhost kernel: ACPI: Core revision 20230628
1775252139.509729 localhost kernel: APIC: Switch to symmetric I/O mode setup
1775252139.509736 localhost kernel: x2apic enabled
1775252139.509744 localhost kernel: APIC: Switched APIC routing to: physical x2apic
1775252139.509749 localhost kernel: ..TIMER: vector=0x30 apic1=0 pin1=2 apic2=-1 pin2=-1
1775252139.509753 localhost kernel: tsc: Marking TSC unstable due to TSCs unsynchronized
1775252139.509758 localhost kernel: Calibrating delay loop (skipped) preset value.. 6799.99 BogoMIPS (lpj=3399998)
1775252139.509762 localhost kernel: process: using AMD E400 aware idle routine
1775252139.509766 localhost kernel: Last level iTLB entries: 4KB 512, 2MB 255, 4MB 127
1775252139.509771 localhost kernel: Last level dTLB entries: 4KB 512, 2MB 255, 4MB 127, 1GB 0
1775252139.509775 localhost kernel: Spectre V1 : Mitigation: usercopy/swapgs barriers and __user pointer sanitization
1775252139.509779 localhost kernel: Spectre V2 : Mitigation: Retpolines
1775252139.509784 localhost kernel: Spectre V2 : Spectre v2 / SpectreRSB: Filling RSB on context switch and VMEXIT
1775252139.509788 localhost kernel: x86/fpu: x87 FPU will use FXSAVE
1775252139.509793 localhost kernel: Freeing SMP alternatives memory: 48K
1775252139.509797 localhost kernel: pid_max: default: 32768 minimum: 301
1775252139.509801 localhost kernel: LSM: initializing lsm=lockdown,capability,landlock,yama,apparmor,integrity
1775252139.509805 localhost kernel: landlock: Up and running.
1775252139.509810 localhost kernel: Yama: becoming mindful.
1775252139.509814 localhost kernel: AppArmor: AppArmor initialized
1775252139.509818 localhost kernel: Mount-cache hash table entries: 8192 (order: 4, 65536 bytes, linear)
1775252139.509823 localhost kernel: Mountpoint-cache hash table entries: 8192 (order: 4, 65536 bytes, linear)
1775252139.509827 localhost kernel: smpboot: CPU0: AMD QEMU Virtual CPU version 2.5+ (family: 0xf, model: 0x6b, stepping: 0x1)
1775252139.509832 localhost kernel: Performance Events: AMD PMU driver.
1775252139.509837 localhost kernel: ... version:                0
1775252139.509841 localhost kernel: ... bit width:              48
1775252139.509845 localhost kernel: ... generic registers:      4
1775252139.509849 localhost kernel: ... value mask:             0000ffffffffffff
1775252139.509854 localhost kernel: ... max period:             00007fffffffffff
1775252139.509858 localhost kernel: ... fixed-purpose events:   0
1775252139.509862 localhost kernel: ... event mask:             000000000000000f
1775252139.509867 localhost kernel: signal: max sigframe size: 1440
1775252139.509871 localhost kernel: rcu: Hierarchical SRCU implementation.
1775252139.509875 localhost kernel: rcu:         Max phase no-delay instances is 400.
1775252139.509880 localhost kernel: smp: Bringing up secondary CPUs ...
1775252139.509884 localhost kernel: smpboot: x86: Booting SMP configuration:
1775252139.509889 localhost kernel: .... node  #0, CPUs:      #1
1775252139.509893 localhost kernel: smp: Brought up 1 node, 2 CPUs
1775252139.509897 localhost kernel: smpboot: Max logical packages: 1
1775252139.509901 localhost kernel: smpboot: Total of 2 processors activated (13599.99 BogoMIPS)
1775252139.509906 localhost kernel: devtmpfs: initialized
1775252139.509910 localhost kernel: x86/mm: Memory block size: 128MB
1775252139.509914 localhost kernel: clocksource: jiffies: mask: 0xffffffff max_cycles: 0xffffffff, max_idle_ns: 1911260446275000 ns
1775252139.509919 localhost kernel: futex hash table entries: 512 (order: 3, 32768 bytes, linear)
1775252139.509923 localhost kernel: pinctrl core: initialized pinctrl subsystem
1775252139.509927 localhost kernel: PM: RTC time: 21:35:28, date: 2026-04-03
1775252139.509932 localhost kernel: NET: Registered PF_NETLINK/PF_ROUTE protocol family
1775252139.509936 localhost kernel: DMA: preallocated 512 KiB GFP_KERNEL pool for atomic allocations
1775252139.509940 localhost kernel: DMA: preallocated 512 KiB GFP_KERNEL|GFP_DMA pool for atomic allocations
1775252139.509946 localhost kernel: DMA: preallocated 512 KiB GFP_KERNEL|GFP_DMA32 pool for atomic allocations
1775252139.509950 localhost kernel: audit: initializing netlink subsys (disabled)
1775252139.509954 localhost kernel: audit: type=2000 audit(1775252128.724:1): state=initialized audit_enabled=0 res=1
1775252139.509958 localhost kernel: thermal_sys: Registered thermal governor 'fair_share'
1775252139.509963 localhost kernel: thermal_sys: Registered thermal governor 'bang_bang'
1775252139.509967 localhost kernel: thermal_sys: Registered thermal governor 'step_wise'
1775252139.509971 localhost kernel: thermal_sys: Registered thermal governor 'user_space'
1775252139.509975 localhost kernel: thermal_sys: Registered thermal governor 'power_allocator'
1775252139.509979 localhost kernel: cpuidle: using governor ladder
1775252139.509983 localhost kernel: cpuidle: using governor menu
1775252139.509987 localhost kernel: acpiphp: ACPI Hot Plug PCI Controller Driver version: 0.5
1775252139.509991 localhost kernel: PCI: Using configuration type 1 for base access
1775252139.509995 localhost kernel: kprobes: kprobe jump-optimization is enabled. All kprobes are optimized if possible.
1775252139.510001 localhost kernel: HugeTLB: registered 2.00 MiB page size, pre-allocated 0 pages
1775252139.510005 localhost kernel: HugeTLB: 28 KiB vmemmap can be freed for a 2.00 MiB page
1775252139.510012 localhost kernel: fbcon: Taking over console
1775252139.510016 localhost kernel: ACPI: Added _OSI(Module Device)
1775252139.510023 localhost kernel: ACPI: Added _OSI(Processor Device)
1775252139.510034 localhost kernel: ACPI: Added _OSI(Processor Aggregator Device)
1775252139.510038 localhost kernel: ACPI: 2 ACPI AML tables successfully acquired and loaded
1775252139.510043 localhost kernel: ACPI: _OSC evaluation for CPUs failed, trying _PDC
1775252139.510047 localhost kernel: ACPI: Interpreter enabled
1775252139.510051 localhost kernel: ACPI: PM: (supports S0 S5)
1775252139.510055 localhost kernel: ACPI: Using IOAPIC for interrupt routing
1775252139.510059 localhost kernel: PCI: Using host bridge windows from ACPI; if necessary, use "pci=nocrs" and report a bug
1775252139.510063 localhost kernel: PCI: Using E820 reservations for host bridge windows
1775252139.510069 localhost kernel: ACPI: Enabled 3 GPEs in block 00 to 0F
1775252139.510073 localhost kernel: ACPI: PCI Root Bridge [PCI0] (domain 0000 [bus 00-ff])
1775252139.510187 localhost kernel: acpi PNP0A03:00: _OSC: OS supports [ASPM ClockPM Segments MSI EDR HPX-Type3]
1775252139.510247 localhost kernel: acpi PNP0A03:00: _OSC: not requesting OS control; OS requires [ExtendedConfig ASPM ClockPM MSI]
1775252139.510296 localhost kernel: acpi PNP0A03:00: fail to add MMCONFIG information, can't access extended configuration space under this bridge
1775252139.510303 localhost kernel: acpiphp: Slot [3] registered
1775252139.510308 localhost kernel: acpiphp: Slot [8] registered
1775252139.510312 localhost kernel: acpiphp: Slot [18] registered
1775252139.510316 localhost kernel: acpiphp: Slot [4] registered
1775252139.510322 localhost kernel: acpiphp: Slot [6] registered
1775252139.510332 localhost kernel: acpiphp: Slot [7] registered
1775252139.510357 localhost kernel: acpiphp: Slot [9] registered
1775252139.510366 localhost kernel: acpiphp: Slot [10] registered
1775252139.510374 localhost kernel: acpiphp: Slot [11] registered
1775252139.510379 localhost kernel: acpiphp: Slot [12] registered
1775252139.510383 localhost kernel: acpiphp: Slot [13] registered
1775252139.510388 localhost kernel: acpiphp: Slot [14] registered
1775252139.510392 localhost kernel: acpiphp: Slot [15] registered
1775252139.510396 localhost kernel: acpiphp: Slot [16] registered
1775252139.510400 localhost kernel: acpiphp: Slot [17] registered
1775252139.510405 localhost kernel: acpiphp: Slot [19] registered
1775252139.510409 localhost kernel: acpiphp: Slot [20] registered
1775252139.510415 localhost kernel: acpiphp: Slot [21] registered
1775252139.510419 localhost kernel: acpiphp: Slot [22] registered
1775252139.510424 localhost kernel: acpiphp: Slot [23] registered
1775252139.510428 localhost kernel: acpiphp: Slot [24] registered
1775252139.510432 localhost kernel: acpiphp: Slot [25] registered
1775252139.510436 localhost kernel: acpiphp: Slot [26] registered
1775252139.510440 localhost kernel: acpiphp: Slot [27] registered
1775252139.510444 localhost kernel: acpiphp: Slot [28] registered
1775252139.510449 localhost kernel: acpiphp: Slot [29] registered
1775252139.510453 localhost kernel: PCI host bridge to bus 0000:00
1775252139.510513 localhost kernel: pci_bus 0000:00: root bus resource [io  0x0000-0x0cf7 window]
1775252139.510555 localhost kernel: pci_bus 0000:00: root bus resource [io  0x0d00-0xffff window]
1775252139.510595 localhost kernel: pci_bus 0000:00: root bus resource [mem 0x000a0000-0x000bffff window]
1775252139.510631 localhost kernel: pci_bus 0000:00: root bus resource [mem 0xc0000000-0xfebfffff window]
1775252139.510689 localhost kernel: pci_bus 0000:00: root bus resource [mem 0xc000000000-0xc0a000bfff window]
1775252139.510746 localhost kernel: pci_bus 0000:00: root bus resource [bus 00-ff]
1775252139.510817 localhost kernel: pci 0000:00:00.0: [8086:1237] type 00 class 0x060000 conventional PCI endpoint
1775252139.510883 localhost kernel: pci 0000:00:01.0: [8086:7000] type 00 class 0x060100 conventional PCI endpoint
1775252139.510952 localhost kernel: pci 0000:00:01.1: [8086:7010] type 00 class 0x010180 conventional PCI endpoint
1775252139.512820 localhost kernel: pci 0000:00:01.1: BAR 4 [io  0xf0e0-0xf0ef]
1775252139.512889 localhost kernel: pci 0000:00:01.1: BAR 0 [io  0x01f0-0x01f7]: legacy IDE quirk
1775252139.512946 localhost kernel: pci 0000:00:01.1: BAR 1 [io  0x03f6]: legacy IDE quirk
1775252139.513000 localhost kernel: pci 0000:00:01.1: BAR 2 [io  0x0170-0x0177]: legacy IDE quirk
1775252139.513062 localhost kernel: pci 0000:00:01.1: BAR 3 [io  0x0376]: legacy IDE quirk
1775252139.513125 localhost kernel: pci 0000:00:01.2: [8086:7020] type 00 class 0x0c0300 conventional PCI endpoint
1775252139.513182 localhost kernel: pci 0000:00:01.2: BAR 4 [io  0xf0c0-0xf0df]
1775252139.513244 localhost kernel: pci 0000:00:01.3: [8086:7113] type 00 class 0x068000 conventional PCI endpoint
1775252139.513297 localhost kernel: pci 0000:00:01.3: quirk: [io  0x0600-0x063f] claimed by PIIX4 ACPI
1775252139.513435 localhost kernel: pci 0000:00:01.3: quirk: [io  0x0700-0x070f] claimed by PIIX4 SMB
1775252139.513499 localhost kernel: pci 0000:00:02.0: [1234:1111] type 00 class 0x030000 conventional PCI endpoint
1775252139.513554 localhost kernel: pci 0000:00:02.0: BAR 0 [mem 0xfd000000-0xfdffffff pref]
1775252139.513606 localhost kernel: pci 0000:00:02.0: BAR 2 [mem 0xfea50000-0xfea50fff]
1775252139.513656 localhost kernel: pci 0000:00:02.0: ROM [mem 0xfea40000-0xfea4ffff pref]
1775252139.513706 localhost kernel: pci 0000:00:02.0: Video device with shadowed ROM at [mem 0x000c0000-0x000dffff]
1775252139.513772 localhost kernel: pci 0000:00:03.0: [1af4:1002] type 00 class 0x00ff00 conventional PCI endpoint
1775252139.513826 localhost kernel: pci 0000:00:03.0: BAR 0 [io  0xf000-0xf03f]
1775252139.513876 localhost kernel: pci 0000:00:03.0: BAR 1 [mem 0xfea51000-0xfea51fff]
1775252139.513929 localhost kernel: pci 0000:00:03.0: BAR 4 [mem 0xc0a0000000-0xc0a0003fff 64bit pref]
1775252139.513987 localhost kernel: pci 0000:00:05.0: [1b36:0001] type 01 class 0x060400 conventional PCI bridge
1775252139.514049 localhost kernel: pci 0000:00:05.0: BAR 0 [mem 0xc000000000-0xc0000000ff 64bit]
1775252139.514101 localhost kernel: pci 0000:00:05.0: PCI bridge to [bus 01]
1775252139.514152 localhost kernel: pci 0000:00:05.0:   bridge window [io  0xe000-0xefff]
1775252139.514201 localhost kernel: pci 0000:00:05.0:   bridge window [mem 0xfe800000-0xfe9fffff]
1775252139.514252 localhost kernel: pci 0000:00:05.0:   bridge window [mem 0xc080000000-0xc09fffffff 64bit pref]
1775252139.514312 localhost kernel: pci 0000:00:08.0: [1af4:1003] type 00 class 0x078000 conventional PCI endpoint
1775252139.514481 localhost kernel: pci 0000:00:08.0: BAR 0 [io  0xf040-0xf07f]
1775252139.514539 localhost kernel: pci 0000:00:08.0: BAR 1 [mem 0xfea52000-0xfea52fff]
1775252139.514592 localhost kernel: pci 0000:00:08.0: BAR 4 [mem 0xc0a0004000-0xc0a0007fff 64bit pref]
1775252139.514651 localhost kernel: pci 0000:00:12.0: [1af4:1000] type 00 class 0x020000 conventional PCI endpoint
1775252139.514703 localhost kernel: pci 0000:00:12.0: BAR 0 [io  0xf080-0xf0bf]
1775252139.514753 localhost kernel: pci 0000:00:12.0: BAR 1 [mem 0xfea53000-0xfea53fff]
1775252139.514803 localhost kernel: pci 0000:00:12.0: BAR 4 [mem 0xc0a0008000-0xc0a000bfff 64bit pref]
1775252139.514853 localhost kernel: pci 0000:00:12.0: ROM [mem 0xfea00000-0xfea3ffff pref]
1775252139.514910 localhost kernel: pci 0000:00:1e.0: [1b36:0001] type 01 class 0x060400 conventional PCI bridge
1775252139.514963 localhost kernel: pci 0000:00:1e.0: BAR 0 [mem 0xc000001000-0xc0000010ff 64bit]
1775252139.515014 localhost kernel: pci 0000:00:1e.0: PCI bridge to [bus 02]
1775252139.515076 localhost kernel: pci 0000:00:1e.0:   bridge window [io  0xd000-0xdfff]
1775252139.515127 localhost kernel: pci 0000:00:1e.0:   bridge window [mem 0xfe600000-0xfe7fffff]
1775252139.515178 localhost kernel: pci 0000:00:1e.0:   bridge window [mem 0xc060000000-0xc07fffffff 64bit pref]
1775252139.515235 localhost kernel: pci 0000:00:1f.0: [1b36:0001] type 01 class 0x060400 conventional PCI bridge
1775252139.515287 localhost kernel: pci 0000:00:1f.0: BAR 0 [mem 0xc000002000-0xc0000020ff 64bit]
1775252139.515346 localhost kernel: pci 0000:00:1f.0: PCI bridge to [bus 03]
1775252139.515445 localhost kernel: pci 0000:00:1f.0:   bridge window [io  0xc000-0xcfff]
1775252139.515498 localhost kernel: pci 0000:00:1f.0:   bridge window [mem 0xfe400000-0xfe5fffff]
1775252139.515551 localhost kernel: pci 0000:00:1f.0:   bridge window [mem 0xc040000000-0xc05fffffff 64bit pref]
1775252139.515601 localhost kernel: pci_bus 0000:01: extended config space not accessible
1775252139.515608 localhost kernel: acpiphp: Slot [1-2] registered
1775252139.515613 localhost kernel: acpiphp: Slot [0] registered
1775252139.515617 localhost kernel: acpiphp: Slot [2] registered
1775252139.515621 localhost kernel: acpiphp: Slot [3-2] registered
1775252139.515626 localhost kernel: acpiphp: Slot [4-2] registered
1775252139.515630 localhost kernel: acpiphp: Slot [5] registered
1775252139.515635 localhost kernel: acpiphp: Slot [6-2] registered
1775252139.515639 localhost kernel: acpiphp: Slot [7-2] registered
1775252139.515644 localhost kernel: acpiphp: Slot [8-2] registered
1775252139.515648 localhost kernel: acpiphp: Slot [9-2] registered
1775252139.515653 localhost kernel: acpiphp: Slot [10-2] registered
1775252139.515658 localhost kernel: acpiphp: Slot [11-2] registered
1775252139.515662 localhost kernel: acpiphp: Slot [12-2] registered
1775252139.515667 localhost kernel: acpiphp: Slot [13-2] registered
1775252139.515671 localhost kernel: acpiphp: Slot [14-2] registered
1775252139.515675 localhost kernel: acpiphp: Slot [15-2] registered
1775252139.515679 localhost kernel: acpiphp: Slot [16-2] registered
1775252139.515683 localhost kernel: acpiphp: Slot [17-2] registered
1775252139.515688 localhost kernel: acpiphp: Slot [18-2] registered
1775252139.515692 localhost kernel: acpiphp: Slot [19-2] registered
1775252139.515696 localhost kernel: acpiphp: Slot [20-2] registered
1775252139.515701 localhost kernel: acpiphp: Slot [21-2] registered
1775252139.515705 localhost kernel: acpiphp: Slot [22-2] registered
1775252139.515710 localhost kernel: acpiphp: Slot [23-2] registered
1775252139.515715 localhost kernel: acpiphp: Slot [24-2] registered
1775252139.515720 localhost kernel: acpiphp: Slot [25-2] registered
1775252139.515724 localhost kernel: acpiphp: Slot [26-2] registered
1775252139.515728 localhost kernel: acpiphp: Slot [27-2] registered
1775252139.515732 localhost kernel: acpiphp: Slot [28-2] registered
1775252139.515736 localhost kernel: acpiphp: Slot [29-2] registered
1775252139.515741 localhost kernel: acpiphp: Slot [30] registered
1775252139.515745 localhost kernel: acpiphp: Slot [31] registered
1775252139.515805 localhost kernel: pci 0000:01:01.0: [1af4:1004] type 00 class 0x010000 conventional PCI endpoint
1775252139.515860 localhost kernel: pci 0000:01:01.0: BAR 0 [io  0xe000-0xe03f]
1775252139.515914 localhost kernel: pci 0000:01:01.0: BAR 1 [mem 0xfe800000-0xfe800fff]
1775252139.515966 localhost kernel: pci 0000:01:01.0: BAR 4 [mem 0xc080000000-0xc080003fff 64bit pref]
1775252139.516020 localhost kernel: pci 0000:00:05.0: PCI bridge to [bus 01]
1775252139.516074 localhost kernel: pci_bus 0000:02: extended config space not accessible
1775252139.516081 localhost kernel: acpiphp: Slot [0-2] registered
1775252139.516086 localhost kernel: acpiphp: Slot [1-3] registered
1775252139.516090 localhost kernel: acpiphp: Slot [2-2] registered
1775252139.516095 localhost kernel: acpiphp: Slot [3-3] registered
1775252139.516099 localhost kernel: acpiphp: Slot [4-3] registered
1775252139.516103 localhost kernel: acpiphp: Slot [5-2] registered
1775252139.516107 localhost kernel: acpiphp: Slot [6-3] registered
1775252139.516112 localhost kernel: acpiphp: Slot [7-3] registered
1775252139.516118 localhost kernel: acpiphp: Slot [8-3] registered
1775252139.516122 localhost kernel: acpiphp: Slot [9-3] registered
1775252139.516126 localhost kernel: acpiphp: Slot [10-3] registered
1775252139.516131 localhost kernel: acpiphp: Slot [11-3] registered
1775252139.516135 localhost kernel: acpiphp: Slot [12-3] registered
1775252139.516139 localhost kernel: acpiphp: Slot [13-3] registered
1775252139.516143 localhost kernel: acpiphp: Slot [14-3] registered
1775252139.516148 localhost kernel: acpiphp: Slot [15-3] registered
1775252139.516152 localhost kernel: acpiphp: Slot [16-3] registered
1775252139.516157 localhost kernel: acpiphp: Slot [17-3] registered
1775252139.516161 localhost kernel: acpiphp: Slot [18-3] registered
1775252139.516165 localhost kernel: acpiphp: Slot [19-3] registered
1775252139.516170 localhost kernel: acpiphp: Slot [20-3] registered
1775252139.516174 localhost kernel: acpiphp: Slot [21-3] registered
1775252139.516178 localhost kernel: acpiphp: Slot [22-3] registered
1775252139.516183 localhost kernel: acpiphp: Slot [23-3] registered
1775252139.516187 localhost kernel: acpiphp: Slot [24-3] registered
1775252139.516191 localhost kernel: acpiphp: Slot [25-3] registered
1775252139.516195 localhost kernel: acpiphp: Slot [26-3] registered
1775252139.516199 localhost kernel: acpiphp: Slot [27-3] registered
1775252139.516204 localhost kernel: acpiphp: Slot [28-3] registered
1775252139.516208 localhost kernel: acpiphp: Slot [29-3] registered
1775252139.516212 localhost kernel: acpiphp: Slot [30-2] registered
1775252139.516221 localhost kernel: acpiphp: Slot [31-2] registered
1775252139.516274 localhost kernel: pci 0000:00:1e.0: PCI bridge to [bus 02]
1775252139.516318 localhost kernel: pci_bus 0000:03: extended config space not accessible
1775252139.516324 localhost kernel: acpiphp: Slot [0-3] registered
1775252139.516328 localhost kernel: acpiphp: Slot [1-4] registered
1775252139.516333 localhost kernel: acpiphp: Slot [2-3] registered
1775252139.516352 localhost kernel: acpiphp: Slot [3-4] registered
1775252139.516359 localhost kernel: acpiphp: Slot [4-4] registered
1775252139.516363 localhost kernel: acpiphp: Slot [5-3] registered
1775252139.516368 localhost kernel: acpiphp: Slot [6-4] registered
1775252139.516372 localhost kernel: acpiphp: Slot [7-4] registered
1775252139.516377 localhost kernel: acpiphp: Slot [8-4] registered
1775252139.516382 localhost kernel: acpiphp: Slot [9-4] registered
1775252139.516386 localhost kernel: acpiphp: Slot [10-4] registered
1775252139.516390 localhost kernel: acpiphp: Slot [11-4] registered
1775252139.516395 localhost kernel: acpiphp: Slot [12-4] registered
1775252139.516399 localhost kernel: acpiphp: Slot [13-4] registered
1775252139.516403 localhost kernel: acpiphp: Slot [14-4] registered
1775252139.516407 localhost kernel: acpiphp: Slot [15-4] registered
1775252139.516412 localhost kernel: acpiphp: Slot [16-4] registered
1775252139.516416 localhost kernel: acpiphp: Slot [17-4] registered
1775252139.516420 localhost kernel: acpiphp: Slot [18-4] registered
1775252139.516424 localhost kernel: acpiphp: Slot [19-4] registered
1775252139.516430 localhost kernel: acpiphp: Slot [20-4] registered
1775252139.516434 localhost kernel: acpiphp: Slot [21-4] registered
1775252139.516438 localhost kernel: acpiphp: Slot [22-4] registered
1775252139.516442 localhost kernel: acpiphp: Slot [23-4] registered
1775252139.516446 localhost kernel: acpiphp: Slot [24-4] registered
1775252139.516451 localhost kernel: acpiphp: Slot [25-4] registered
1775252139.516455 localhost kernel: acpiphp: Slot [26-4] registered
1775252139.516459 localhost kernel: acpiphp: Slot [27-4] registered
1775252139.516463 localhost kernel: acpiphp: Slot [28-4] registered
1775252139.516467 localhost kernel: acpiphp: Slot [29-4] registered
1775252139.516471 localhost kernel: acpiphp: Slot [30-3] registered
1775252139.516476 localhost kernel: acpiphp: Slot [31-3] registered
1775252139.516531 localhost kernel: pci 0000:00:1f.0: PCI bridge to [bus 03]
1775252139.516539 localhost kernel: ACPI: PCI: Interrupt link LNKA configured for IRQ 10
1775252139.516544 localhost kernel: ACPI: PCI: Interrupt link LNKB configured for IRQ 10
1775252139.516548 localhost kernel: ACPI: PCI: Interrupt link LNKC configured for IRQ 11
1775252139.516552 localhost kernel: ACPI: PCI: Interrupt link LNKD configured for IRQ 11
1775252139.516557 localhost kernel: ACPI: PCI: Interrupt link LNKS configured for IRQ 9
1775252139.516561 localhost kernel: iommu: Default domain type: Translated
1775252139.516566 localhost kernel: iommu: DMA domain TLB invalidation policy: lazy mode
1775252139.516570 localhost kernel: SCSI subsystem initialized
1775252139.516574 localhost kernel: libata version 3.00 loaded.
1775252139.516578 localhost kernel: ACPI: bus type USB registered
1775252139.516583 localhost kernel: usbcore: registered new interface driver usbfs
1775252139.516587 localhost kernel: usbcore: registered new interface driver hub
1775252139.516595 localhost kernel: usbcore: registered new device driver usb
1775252139.516600 localhost kernel: pps_core: LinuxPPS API ver. 1 registered
1775252139.516605 localhost kernel: pps_core: Software ver. 5.3.6 - Copyright 2005-2007 Rodolfo Giometti <giometti@linux.it>
1775252139.516609 localhost kernel: PTP clock support registered
1775252139.516613 localhost kernel: EDAC MC: Ver: 3.0.0
1775252139.516617 localhost kernel: NetLabel: Initializing
1775252139.516622 localhost kernel: NetLabel:  domain hash size = 128
1775252139.516626 localhost kernel: NetLabel:  protocols = UNLABELED CIPSOv4 CALIPSO
1775252139.516630 localhost kernel: NetLabel:  unlabeled traffic allowed by default
1775252139.516635 localhost kernel: mctp: management component transport protocol core
1775252139.516639 localhost kernel: NET: Registered PF_MCTP protocol family
1775252139.516643 localhost kernel: PCI: Using ACPI for IRQ routing
1775252139.516647 localhost kernel: PCI: pci_cache_line_size set to 64 bytes
1775252139.516651 localhost kernel: e820: reserve RAM buffer [mem 0x0009fc00-0x0009ffff]
1775252139.516655 localhost kernel: e820: reserve RAM buffer [mem 0xbffda000-0xbfffffff]
1775252139.516710 localhost kernel: pci 0000:00:02.0: vgaarb: setting as boot VGA device
1775252139.516760 localhost kernel: pci 0000:00:02.0: vgaarb: bridge control possible
1775252139.516809 localhost kernel: pci 0000:00:02.0: vgaarb: VGA device added: decodes=io+mem,owns=io+mem,locks=none
1775252139.516814 localhost kernel: vgaarb: loaded
1775252139.516819 localhost kernel: clocksource: Switched to clocksource kvm-clock
1775252139.516823 localhost kernel: VFS: Disk quotas dquot_6.6.0
1775252139.516828 localhost kernel: VFS: Dquot-cache hash table entries: 512 (order 0, 4096 bytes)
1775252139.516832 localhost kernel: AppArmor: AppArmor Filesystem Enabled
1775252139.516836 localhost kernel: pnp: PnP ACPI init
1775252139.516878 localhost kernel: pnp 00:02: [dma 2]
1775252139.516885 localhost kernel: pnp: PnP ACPI: found 4 devices
1775252139.516889 localhost kernel: clocksource: acpi_pm: mask: 0xffffff max_cycles: 0xffffff, max_idle_ns: 2085701024 ns
1775252139.516896 localhost kernel: NET: Registered PF_INET protocol family
1775252139.516900 localhost kernel: IP idents hash table entries: 65536 (order: 7, 524288 bytes, linear)
1775252139.516905 localhost kernel: tcp_listen_portaddr_hash hash table entries: 2048 (order: 3, 32768 bytes, linear)
1775252139.516909 localhost kernel: Table-perturb hash table entries: 65536 (order: 6, 262144 bytes, linear)
1775252139.516914 localhost kernel: TCP established hash table entries: 32768 (order: 6, 262144 bytes, linear)
1775252139.516918 localhost kernel: TCP bind hash table entries: 32768 (order: 8, 1048576 bytes, linear)
1775252139.516922 localhost kernel: TCP: Hash tables configured (established 32768 bind 32768)
1775252139.516927 localhost kernel: MPTCP token hash table entries: 4096 (order: 5, 98304 bytes, linear)
1775252139.516931 localhost kernel: UDP hash table entries: 2048 (order: 4, 65536 bytes, linear)
1775252139.516936 localhost kernel: UDP-Lite hash table entries: 2048 (order: 4, 65536 bytes, linear)
1775252139.516940 localhost kernel: NET: Registered PF_UNIX/PF_LOCAL protocol family
1775252139.516945 localhost kernel: NET: Registered PF_XDP protocol family
1775252139.516996 localhost kernel: pci 0000:00:05.0: PCI bridge to [bus 01]
1775252139.517056 localhost kernel: pci 0000:00:05.0:   bridge window [io  0xe000-0xefff]
1775252139.517107 localhost kernel: pci 0000:00:05.0:   bridge window [mem 0xfe800000-0xfe9fffff]
1775252139.517158 localhost kernel: pci 0000:00:05.0:   bridge window [mem 0xc080000000-0xc09fffffff 64bit pref]
1775252139.517208 localhost kernel: pci 0000:00:1e.0: PCI bridge to [bus 02]
1775252139.517258 localhost kernel: pci 0000:00:1e.0:   bridge window [io  0xd000-0xdfff]
1775252139.517307 localhost kernel: pci 0000:00:1e.0:   bridge window [mem 0xfe600000-0xfe7fffff]
1775252139.517378 localhost kernel: pci 0000:00:1e.0:   bridge window [mem 0xc060000000-0xc07fffffff 64bit pref]
1775252139.517431 localhost kernel: pci 0000:00:1f.0: PCI bridge to [bus 03]
1775252139.517482 localhost kernel: pci 0000:00:1f.0:   bridge window [io  0xc000-0xcfff]
1775252139.517532 localhost kernel: pci 0000:00:1f.0:   bridge window [mem 0xfe400000-0xfe5fffff]
1775252139.517584 localhost kernel: pci 0000:00:1f.0:   bridge window [mem 0xc040000000-0xc05fffffff 64bit pref]
1775252139.517622 localhost kernel: pci_bus 0000:00: resource 4 [io  0x0000-0x0cf7 window]
1775252139.517660 localhost kernel: pci_bus 0000:00: resource 5 [io  0x0d00-0xffff window]
1775252139.517699 localhost kernel: pci_bus 0000:00: resource 6 [mem 0x000a0000-0x000bffff window]
1775252139.517735 localhost kernel: pci_bus 0000:00: resource 7 [mem 0xc0000000-0xfebfffff window]
1775252139.517771 localhost kernel: pci_bus 0000:00: resource 8 [mem 0xc000000000-0xc0a000bfff window]
1775252139.517809 localhost kernel: pci_bus 0000:01: resource 0 [io  0xe000-0xefff]
1775252139.517846 localhost kernel: pci_bus 0000:01: resource 1 [mem 0xfe800000-0xfe9fffff]
1775252139.517883 localhost kernel: pci_bus 0000:01: resource 2 [mem 0xc080000000-0xc09fffffff 64bit pref]
1775252139.517920 localhost kernel: pci_bus 0000:02: resource 0 [io  0xd000-0xdfff]
1775252139.517957 localhost kernel: pci_bus 0000:02: resource 1 [mem 0xfe600000-0xfe7fffff]
1775252139.517994 localhost kernel: pci_bus 0000:02: resource 2 [mem 0xc060000000-0xc07fffffff 64bit pref]
1775252139.518046 localhost kernel: pci_bus 0000:03: resource 0 [io  0xc000-0xcfff]
1775252139.518088 localhost kernel: pci_bus 0000:03: resource 1 [mem 0xfe400000-0xfe5fffff]
1775252139.518126 localhost kernel: pci_bus 0000:03: resource 2 [mem 0xc040000000-0xc05fffffff 64bit pref]
1775252139.518178 localhost kernel: pci 0000:00:01.0: PIIX3: Enabling Passive Release
1775252139.518231 localhost kernel: pci 0000:00:00.0: Limiting direct PCI/PCI transfers
1775252139.518237 localhost kernel: ACPI: \_SB_.LNKD: Enabled at IRQ 11
1775252139.518242 localhost kernel: PCI: CLS 0 bytes, default 64
1775252139.518247 localhost kernel: PCI-DMA: Using software bounce buffering for IO (SWIOTLB)
1775252139.518251 localhost kernel: software IO TLB: mapped [mem 0x00000000bbfda000-0x00000000bffda000] (64MB)
1775252139.518255 localhost kernel: Trying to unpack rootfs image as initramfs...
1775252139.518260 localhost kernel: Initialise system trusted keyrings
1775252139.518264 localhost kernel: Key type blacklist registered
1775252139.518271 localhost kernel: workingset: timestamp_bits=36 max_order=20 bucket_order=0
1775252139.518275 localhost kernel: zbud: loaded
1775252139.518279 localhost kernel: squashfs: version 4.0 (2009/01/31) Phillip Lougher
1775252139.518284 localhost kernel: fuse: init (API version 7.39)
1775252139.518289 localhost kernel: integrity: Platform Keyring initialized
1775252139.518293 localhost kernel: integrity: Machine keyring initialized
1775252139.518297 localhost kernel: Key type asymmetric registered
1775252139.518302 localhost kernel: Asymmetric key parser 'x509' registered
1775252139.518306 localhost kernel: Block layer SCSI generic (bsg) driver version 0.4 loaded (major 243)
1775252139.518311 localhost kernel: io scheduler mq-deadline registered
1775252139.518377 localhost kernel: shpchp 0000:00:05.0: Requesting control of SHPC hotplug via OSHP (\_SB_.PCI0.S28_)
1775252139.518433 localhost kernel: shpchp 0000:00:05.0: Requesting control of SHPC hotplug via OSHP (\_SB_.PCI0)
1775252139.518485 localhost kernel: shpchp 0000:00:05.0: Cannot get control of SHPC hotplug
1775252139.518551 localhost kernel: shpchp 0000:00:1e.0: Requesting control of SHPC hotplug via OSHP (\_SB_.PCI0.SF0_)
1775252139.518653 localhost kernel: shpchp 0000:00:1e.0: Requesting control of SHPC hotplug via OSHP (\_SB_.PCI0)
1775252139.518729 localhost kernel: shpchp 0000:00:1e.0: Cannot get control of SHPC hotplug
1775252139.518806 localhost kernel: shpchp 0000:00:1f.0: Requesting control of SHPC hotplug via OSHP (\_SB_.PCI0.SF8_)
1775252139.518893 localhost kernel: shpchp 0000:00:1f.0: Requesting control of SHPC hotplug via OSHP (\_SB_.PCI0)
1775252139.518974 localhost kernel: shpchp 0000:00:1f.0: Cannot get control of SHPC hotplug
1775252139.518983 localhost kernel: shpchp: Standard Hot Plug PCI Controller Driver version: 0.4
1775252139.518992 localhost kernel: input: Power Button as /devices/LNXSYSTM:00/LNXPWRBN:00/input/input0
1775252139.518998 localhost kernel: ACPI: button: Power Button [PWRF]
1775252139.519004 localhost kernel: ACPI: \_SB_.LNKC: Enabled at IRQ 10
1775252139.519011 localhost kernel: ACPI: \_SB_.LNKB: Enabled at IRQ 10
1775252139.519017 localhost kernel: ACPI: \_SB_.LNKA: Enabled at IRQ 11
1775252139.519023 localhost kernel: Free page reporting enabled
1775252139.519045 localhost kernel: Serial: 8250/16550 driver, 32 ports, IRQ sharing enabled
1775252139.519052 localhost kernel: Linux agpgart interface v0.103
1775252139.519059 localhost kernel: Freeing initrd memory: 74564K
1775252139.519066 localhost kernel: loop: module loaded
1775252139.519152 localhost kernel: virtio_scsi virtio3: 2/0/0 default/read/poll queues
1775252139.519244 localhost kernel: scsi host0: Virtio SCSI HBA
1775252139.519332 localhost kernel: ata_piix 0000:00:01.1: version 2.13
1775252139.519455 localhost kernel: scsi 0:0:0:0: Direct-Access     QEMU     QEMU HARDDISK    2.5+ PQ: 0 ANSI: 5
1775252139.519523 localhost kernel: scsi host1: ata_piix
1775252139.519597 localhost kernel: scsi host2: ata_piix
1775252139.519608 localhost kernel: ata1: PATA max MWDMA2 cmd 0x1f0 ctl 0x3f6 bmdma 0xf0e0 irq 14 lpm-pol 0
1775252139.519616 localhost kernel: ata2: PATA max MWDMA2 cmd 0x170 ctl 0x376 bmdma 0xf0e8 irq 15 lpm-pol 0
1775252139.519623 localhost kernel: ACPI: bus type drm_connector registered
1775252139.519630 localhost kernel: tun: Universal TUN/TAP device driver, 1.6
1775252139.519641 localhost kernel: PPP generic driver version 2.4.2
1775252139.519735 localhost kernel: uhci_hcd 0000:00:01.2: UHCI Host Controller
1775252139.519829 localhost kernel: uhci_hcd 0000:00:01.2: new USB bus registered, assigned bus number 1
1775252139.519921 localhost kernel: uhci_hcd 0000:00:01.2: detected 2 ports
1775252139.520013 localhost kernel: uhci_hcd 0000:00:01.2: irq 11, io port 0x0000f0c0
1775252139.520171 localhost kernel: usb usb1: New USB device found, idVendor=1d6b, idProduct=0001, bcdDevice= 6.08
1775252139.520278 localhost kernel: usb usb1: New USB device strings: Mfr=3, Product=2, SerialNumber=1
1775252139.520432 localhost kernel: usb usb1: Product: UHCI Host Controller
1775252139.520562 localhost kernel: usb usb1: Manufacturer: Linux 6.8.0-107-generic uhci_hcd
1775252139.520670 localhost kernel: usb usb1: SerialNumber: 0000:00:01.2
1775252139.520776 localhost kernel: hub 1-0:1.0: USB hub found
1775252139.520878 localhost kernel: hub 1-0:1.0: 2 ports detected
1775252139.520889 localhost kernel: i8042: PNP: PS/2 Controller [PNP0303:KBD,PNP0f13:MOU] at 0x60,0x64 irq 1,12
1775252139.520898 localhost kernel: serio: i8042 KBD port at 0x60,0x64 irq 1
1775252139.520909 localhost kernel: serio: i8042 AUX port at 0x60,0x64 irq 12
1775252139.520916 localhost kernel: mousedev: PS/2 mouse device common for all mice
1775252139.520923 localhost kernel: input: AT Translated Set 2 keyboard as /devices/platform/i8042/serio0/input/input1
1775252139.521012 localhost kernel: sd 0:0:0:0: Attached scsi generic sg0 type 0
1775252139.521121 localhost kernel: sd 0:0:0:0: Power-on or device reset occurred
1775252139.521219 localhost kernel: sd 0:0:0:0: [sda] 67108864 512-byte logical blocks: (34.4 GB/32.0 GiB)
1775252139.521320 localhost kernel: sd 0:0:0:0: [sda] Write Protect is off
1775252139.521512 localhost kernel: sd 0:0:0:0: [sda] Mode Sense: 63 00 10 08
1775252139.521612 localhost kernel: sd 0:0:0:0: [sda] Write cache: enabled, read cache: enabled, supports DPO and FUA
1775252139.521696 localhost kernel: rtc_cmos 00:03: RTC can wake from S4
1775252139.521774 localhost kernel: rtc_cmos 00:03: registered as rtc0
1775252139.521847 localhost kernel: rtc_cmos 00:03: setting system clock to 2026-04-03T21:35:28 UTC (1775252128)
1775252139.521921 localhost kernel: rtc_cmos 00:03: alarms up to one day, y3k, 242 bytes nvram
1775252139.521932 localhost kernel: i2c_dev: i2c /dev entries driver
1775252139.521941 localhost kernel: device-mapper: core: CONFIG_IMA_DISABLE_HTABLE is disabled. Duplicate IMA measurements will not be recorded in the IMA log.
1775252139.521952 localhost kernel: device-mapper: uevent: version 1.0.3
1775252139.521960 localhost kernel: device-mapper: ioctl: 4.48.0-ioctl (2023-03-01) initialised: dm-devel@redhat.com
1775252139.521967 localhost kernel: amd_pstate: the _CPC object is not present in SBIOS or ACPI disabled
1775252139.521974 localhost kernel: ledtrig-cpu: registered to indicate activity on CPUs
1775252139.521979 localhost kernel: [drm] Initialized simpledrm 1.0.0 20200625 for simple-framebuffer.0 on minor 0
1775252139.521985 localhost kernel: Console: switching to colour frame buffer device 100x37
1775252139.522004 localhost kernel: simple-framebuffer simple-framebuffer.0: [drm] fb0: simpledrmdrmfb frame buffer device
1775252139.522011 localhost kernel: drop_monitor: Initializing network drop monitor service
1775252139.522017 localhost kernel: NET: Registered PF_INET6 protocol family
1775252139.522022 localhost kernel: Segment Routing with IPv6
1775252139.522044 localhost kernel: In-situ OAM (IOAM) with IPv6
1775252139.522052 localhost kernel: NET: Registered PF_PACKET protocol family
1775252139.522058 localhost kernel: Key type dns_resolver registered
1775252139.522064 localhost kernel: IPI shorthand broadcast: enabled
1775252139.522070 localhost kernel: sched_clock: Marking stable (612007823, 695901)->(613392140, -688416)
1775252139.522076 localhost kernel: registered taskstats version 1
1775252139.522082 localhost kernel: Loading compiled-in X.509 certificates
1775252139.522090 localhost kernel: Loaded X.509 cert 'Build time autogenerated kernel key: 7601a1efcf8ba4f57de419cbed2faa3057596b3e'
1775252139.522098 localhost kernel: Loaded X.509 cert 'Canonical Ltd. Live Patch Signing 2025 Kmod: d541cef61dc7e793b7eb7e899970a2eef0b5dc8c'
1775252139.522105 localhost kernel: Loaded X.509 cert 'Canonical Ltd. Live Patch Signing: 14df34d1a87cf37625abec039ef2bf521249b969'
1775252139.522109 localhost kernel: Loaded X.509 cert 'Canonical Ltd. Kernel Module Signing: 88f752e560a1e0737e31163a466ad7b70a850c19'
1775252139.522114 localhost kernel: blacklist: Loading compiled-in revocation X.509 certificates
1775252139.522120 localhost kernel: Loaded X.509 cert 'Canonical Ltd. Secure Boot Signing: 61482aa2830d0ab2ad5af10b7250da9033ddcef0'
1775252139.522125 localhost kernel: Loaded X.509 cert 'Canonical Ltd. Secure Boot Signing (2017): 242ade75ac4a15e50d50c84b0d45ff3eae707a03'
1775252139.522129 localhost kernel: Loaded X.509 cert 'Canonical Ltd. Secure Boot Signing (ESM 2018): 365188c1d374d6b07c3c8f240f8ef722433d6a8b'
1775252139.522134 localhost kernel: Loaded X.509 cert 'Canonical Ltd. Secure Boot Signing (2019): c0746fd6c5da3ae827864651ad66ae47fe24b3e8'
1775252139.522138 localhost kernel: Loaded X.509 cert 'Canonical Ltd. Secure Boot Signing (2021 v1): a8d54bbb3825cfb94fa13c9f8a594a195c107b8d'
1775252139.522143 localhost kernel: Loaded X.509 cert 'Canonical Ltd. Secure Boot Signing (2021 v2): 4cf046892d6fd3c9a5b03f98d845f90851dc6a8c'
1775252139.522147 localhost kernel: Loaded X.509 cert 'Canonical Ltd. Secure Boot Signing (2021 v3): 100437bb6de6e469b581e61cd66bce3ef4ed53af'
1775252139.522152 localhost kernel: Loaded X.509 cert 'Canonical Ltd. Secure Boot Signing (Ubuntu Core 2019): c1d57b8f6b743f23ee41f4f7ee292f06eecadfb9'
1775252139.522156 localhost kernel: Key type .fscrypt registered
1775252139.522161 localhost kernel: Key type fscrypt-provisioning registered
1775252139.522165 localhost kernel: cryptd: max_cpu_qlen set to 1000
1775252139.522170 localhost kernel:  sda: sda1 sda2 sda3
1775252139.522230 localhost kernel: sd 0:0:0:0: [sda] Attached SCSI disk
1775252139.522237 localhost kernel: ata2: found unknown device (class 0)
1775252139.522241 localhost kernel: ata2.00: ATAPI: QEMU DVD-ROM, 2.5+, max UDMA/100
1775252139.522293 localhost kernel: scsi 2:0:0:0: CD-ROM            QEMU     QEMU DVD-ROM     2.5+ PQ: 0 ANSI: 5
1775252139.522507 localhost kernel: sr 2:0:0:0: [sr0] scsi3-mmc drive: 4x/4x cd/rw xa/form2 tray
1775252139.522517 localhost kernel: cdrom: Uniform CD-ROM driver Revision: 3.20
1775252139.522571 localhost kernel: sr 2:0:0:0: Attached scsi CD-ROM sr0
1775252139.522620 localhost kernel: sr 2:0:0:0: Attached scsi generic sg1 type 5
1775252139.522627 localhost kernel: SSE version of gcm_enc/dec engaged.
1775252139.522634 localhost kernel: Key type encrypted registered
1775252139.522638 localhost kernel: AppArmor: AppArmor sha256 policy hashing enabled
1775252139.522643 localhost kernel: ima: No TPM chip found, activating TPM-bypass!
1775252139.522738 localhost kernel: usb 1-1: new full-speed USB device number 2 using uhci_hcd
1775252139.522750 localhost kernel: Loading compiled-in module X.509 certificates
1775252139.522759 localhost kernel: Loaded X.509 cert 'Build time autogenerated kernel key: 7601a1efcf8ba4f57de419cbed2faa3057596b3e'
1775252139.522767 localhost kernel: ima: Allocated hash algorithm: sha256
1775252139.522778 localhost kernel: ima: No architecture policies found
1775252139.522788 localhost kernel: evm: Initialising EVM extended attributes:
1775252139.522796 localhost kernel: evm: security.selinux
1775252139.522806 localhost kernel: evm: security.SMACK64
1775252139.522818 localhost kernel: evm: security.SMACK64EXEC
1775252139.522830 localhost kernel: evm: security.SMACK64TRANSMUTE
1775252139.522838 localhost kernel: evm: security.SMACK64MMAP
1775252139.522846 localhost kernel: evm: security.apparmor
1775252139.522854 localhost kernel: evm: security.ima
1775252139.522862 localhost kernel: evm: security.capability
1775252139.522870 localhost kernel: evm: HMAC attrs: 0x1
1775252139.522879 localhost kernel: PM:   Magic number: 6:470:600
1775252139.522888 localhost kernel: powernow_k8: Power state transitions not supported
1775252139.522896 localhost kernel: powernow_k8: Power state transitions not supported
1775252139.522903 localhost kernel: RAS: Correctable Errors collector initialized.
1775252139.522912 localhost kernel: clk: Disabling unused clocks
1775252139.522920 localhost kernel: Freeing unused decrypted memory: 2028K
1775252139.522931 localhost kernel: Freeing unused kernel image (initmem) memory: 4920K
1775252139.522938 localhost kernel: Write protecting the kernel read-only data: 38912k
1775252139.522946 localhost kernel: Freeing unused kernel image (rodata/data gap) memory: 1976K
1775252139.522954 localhost kernel: x86/mm: Checked W+X mappings: passed, no W+X pages found.
1775252139.522961 localhost kernel: Run /init as init process
1775252139.522970 localhost kernel:   with arguments:
1775252139.522978 localhost kernel:     /init
1775252139.522985 localhost kernel:   with environment:
1775252139.522992 localhost kernel:     HOME=/
1775252139.523000 localhost kernel:     TERM=linux
1775252139.523124 localhost kernel: usb 1-1: New USB device found, idVendor=0627, idProduct=0001, bcdDevice= 0.00
1775252139.523209 localhost kernel: usb 1-1: New USB device strings: Mfr=1, Product=3, SerialNumber=10
1775252139.523290 localhost kernel: usb 1-1: Product: QEMU USB Tablet
1775252139.523385 localhost kernel: usb 1-1: Manufacturer: QEMU
1775252139.523467 localhost kernel: usb 1-1: SerialNumber: 28754-0000:00:01.2-1
1775252139.523517 localhost kernel: virtio_net virtio2 ens18: renamed from eth0
1775252139.523523 localhost kernel: FDC 0 is a S82078B
1775252139.523528 localhost kernel: input: VirtualPS/2 VMware VMMouse as /devices/platform/i8042/serio1/input/input4
1775252139.523533 localhost kernel: input: VirtualPS/2 VMware VMMouse as /devices/platform/i8042/serio1/input/input3
1775252139.523537 localhost kernel: Console: switching to colour dummy device 80x25
1775252139.523611 localhost kernel: bochs-drm 0000:00:02.0: vgaarb: deactivate vga console
1775252139.523628 localhost kernel: [drm] Found bochs VGA, ID 0xb0c5.
1775252139.523641 localhost kernel: [drm] Framebuffer size 16384 kB @ 0xfd000000, mmio @ 0xfea50000.
1775252139.523650 localhost kernel: [drm] Found EDID data blob.
1775252139.523658 localhost kernel: [drm] Initialized bochs-drm 1.0.0 20130925 for 0000:00:02.0 on minor 0
1775252139.523666 localhost kernel: fbcon: bochs-drmdrmfb (fb0) is primary device
1775252139.523674 localhost kernel: hid: raw HID events driver (C) Jiri Kosina
1775252139.523682 localhost kernel: usbcore: registered new interface driver usbhid
1775252139.523690 localhost kernel: usbhid: USB HID core driver
1775252139.523698 localhost kernel: input: QEMU QEMU USB Tablet as /devices/pci0000:00/0000:00:01.2/usb1/1-1/1-1:1.0/0003:0627:0001.0001/input/input5
1775252139.523817 localhost kernel: hid-generic 0003:0627:0001.0001: input,hidraw0: USB HID v0.01 Mouse [QEMU QEMU USB Tablet] on usb-0000:00:01.2-1/input0
1775252139.523830 localhost kernel: Console: switching to colour frame buffer device 160x50
1775252139.523928 localhost kernel: bochs-drm 0000:00:02.0: [drm] fb0: bochs-drmdrmfb frame buffer device
1775252139.523942 localhost kernel: random: crng init done
1775252139.523951 localhost kernel: raid6: sse2x4   gen() 17197 MB/s
1775252139.523960 localhost kernel: raid6: sse2x2   gen()  5477 MB/s
1775252139.523967 localhost kernel: raid6: sse2x1   gen()  1368 MB/s
1775252139.523975 localhost kernel: raid6: using algorithm sse2x4 gen() 17197 MB/s
1775252139.523984 localhost kernel: raid6: .... xor() 2965 MB/s, rmw enabled
1775252139.523992 localhost kernel: raid6: using ssse3x2 recovery algorithm
1775252139.523999 localhost kernel: xor: measuring software checksum speed
1775252139.524007 localhost kernel:    prefetch64-sse  : 26460 MB/sec
1775252139.524015 localhost kernel:    generic_sse     : 23778 MB/sec
1775252139.524022 localhost kernel: xor: using function: prefetch64-sse (26460 MB/sec)
1775252139.524041 localhost kernel: async_tx: api initialized (async)
1775252139.524049 localhost kernel: Btrfs loaded, zoned=yes, fsverity=yes
1775252139.524057 localhost kernel: workqueue: drm_fb_helper_damage_work hogged CPU for >10000us 4 times, consider switching to WQ_UNBOUND
1775252139.524066 localhost kernel: EXT4-fs (dm-0): mounted filesystem 78dfc1ab-05ce-40b9-a2f8-2f3e03168145 ro with ordered data mode. Quota mode: none.
1775252139.524074 localhost kernel: workqueue: drm_fb_helper_damage_work hogged CPU for >10000us 8 times, consider switching to WQ_UNBOUND
1775252139.524084 localhost systemd[1]: Inserted module 'autofs4'
1775252139.524095 localhost systemd[1]: systemd 255.4-1ubuntu8.14 running in system mode (+PAM +AUDIT +SELINUX +APPARMOR +IMA +SMACK +SECCOMP +GCRYPT -GNUTLS +OPENSSL +ACL +BLKID +CURL +ELFUTILS +FIDO2 +IDN2 -IDN +IPTC +KMOD +LIBCRYPTSETUP +LIBFDISK +PCRE2 -PWQUALITY +P11KIT +QRENCODE +TPM2 +BZIP2 +LZ4 +XZ +ZLIB +ZSTD -BPF_FRAMEWORK -XKBCOMMON +UTMP +SYSVINIT default-hierarchy=unified)
1775252139.524105 localhost systemd[1]: Detected virtualization kvm.
1775252139.524114 localhost systemd[1]: Detected architecture x86-64.
1775252139.524124 localhost systemd[1]: No hostname configured, using default hostname.
1775252139.524133 localhost systemd[1]: Hostname set to <localhost>.
1775252139.524141 localhost systemd[1]: Queued start job for default target graphical.target.
1775252139.524148 localhost systemd[1]: Created slice system-modprobe.slice - Slice /system/modprobe.
1775252139.524153 localhost systemd[1]: Created slice system-systemd\x2dfsck.slice - Slice /system/systemd-fsck.
1775252139.524158 localhost systemd[1]: Created slice user.slice - User and Session Slice.
1775252139.524163 localhost systemd[1]: Started systemd-ask-password-wall.path - Forward Password Requests to Wall Directory Watch.
1775252139.524168 localhost systemd[1]: Set up automount proc-sys-fs-binfmt_misc.automount - Arbitrary Executable File Formats File System Automount Point.
1775252139.524174 localhost systemd[1]: Expecting device dev-disk-by\x2duuid-c3f8f018\x2df5f7\x2d4a5d\x2d92a1\x2d12ee87108672.device - /dev/disk/by-uuid/c3f8f018-f5f7-4a5d-92a1-12ee87108672...
1775252139.524179 localhost systemd[1]: Reached target integritysetup.target - Local Integrity Protected Volumes.
1775252139.524185 localhost systemd[1]: Reached target slices.target - Slice Units.
1775252139.524190 localhost systemd[1]: Reached target snapd.mounts-pre.target - Mounting snaps.
1775252139.524195 localhost systemd[1]: Reached target snapd.mounts.target - Mounted snaps.
1775252139.524200 localhost systemd[1]: Reached target veritysetup.target - Local Verity Protected Volumes.
1775252139.524204 localhost systemd[1]: Listening on dm-event.socket - Device-mapper event daemon FIFOs.
1775252139.524209 localhost systemd[1]: Listening on lvm2-lvmpolld.socket - LVM2 poll daemon socket.
1775252139.524214 localhost systemd[1]: Listening on multipathd.socket - multipathd control socket.
1775252139.524218 localhost systemd[1]: Listening on syslog.socket - Syslog Socket.
1775252139.524223 localhost systemd[1]: Listening on systemd-fsckd.socket - fsck to fsckd communication Socket.
1775252139.524228 localhost systemd[1]: Listening on systemd-initctl.socket - initctl Compatibility Named Pipe.
1775252139.524232 localhost systemd[1]: Listening on systemd-journald-dev-log.socket - Journal Socket (/dev/log).
1775252139.524238 localhost systemd[1]: Listening on systemd-journald.socket - Journal Socket.
1775252139.524242 localhost systemd[1]: Listening on systemd-networkd.socket - Network Service Netlink Socket.
1775252139.524247 localhost systemd[1]: systemd-pcrextend.socket - TPM2 PCR Extension (Varlink) was skipped because of an unmet condition check (ConditionSecurity=measured-uki).
1775252139.524252 localhost systemd[1]: Listening on systemd-udevd-control.socket - udev Control Socket.
1775252139.524257 localhost systemd[1]: Listening on systemd-udevd-kernel.socket - udev Kernel Socket.
1775252139.524262 localhost systemd[1]: Mounting dev-hugepages.mount - Huge Pages File System...
1775252139.524267 localhost systemd[1]: Mounting dev-mqueue.mount - POSIX Message Queue File System...
1775252139.524271 localhost systemd[1]: Mounting sys-kernel-debug.mount - Kernel Debug File System...
1775252139.524276 localhost systemd[1]: Mounting sys-kernel-tracing.mount - Kernel Trace File System...
1775252139.524281 localhost systemd[1]: Starting systemd-journald.service - Journal Service...
1775252139.524286 localhost systemd[1]: Starting keyboard-setup.service - Set the console keyboard layout...
1775252139.524291 localhost systemd[1]: Starting kmod-static-nodes.service - Create List of Static Device Nodes...
1775252139.524296 localhost systemd[1]: Starting lvm2-monitor.service - Monitoring of LVM2 mirrors, snapshots etc. using dmeventd or progress polling...
1775252139.524301 localhost systemd[1]: Starting modprobe@configfs.service - Load Kernel Module configfs...
1775252139.524306 localhost systemd[1]: Starting modprobe@dm_mod.service - Load Kernel Module dm_mod...
1775252139.524312 localhost systemd[1]: Starting modprobe@drm.service - Load Kernel Module drm...
1775252139.524317 localhost systemd[1]: Starting modprobe@efi_pstore.service - Load Kernel Module efi_pstore...
1775252139.524322 localhost systemd[1]: Starting modprobe@fuse.service - Load Kernel Module fuse...
1775252139.524327 localhost systemd[1]: Starting modprobe@loop.service - Load Kernel Module loop...
1775252139.524333 localhost systemd[1]: netplan-ovs-cleanup.service - OpenVSwitch configuration for cleanup was skipped because of an unmet condition check (ConditionFileIsExecutable=/usr/bin/ovs-vsctl).
1775252139.524351 localhost systemd[1]: systemd-fsck-root.service - File System Check on Root Device was skipped because of an unmet condition check (ConditionPathExists=!/run/initramfs/fsck-root).
1775252139.524357 localhost systemd[1]: Starting systemd-modules-load.service - Load Kernel Modules...
1775252139.524362 localhost systemd[1]: systemd-pcrmachine.service - TPM2 PCR Machine ID Measurement was skipped because of an unmet condition check (ConditionSecurity=measured-uki).
1775252139.524367 localhost systemd[1]: Starting systemd-remount-fs.service - Remount Root and Kernel File Systems...
1775252139.524372 localhost systemd[1]: systemd-tpm2-setup-early.service - TPM2 SRK Setup (Early) was skipped because of an unmet condition check (ConditionSecurity=measured-uki).
1775252139.524376 localhost systemd[1]: Starting systemd-udev-trigger.service - Coldplug All udev Devices...
1775252139.524381 localhost systemd[1]: Mounted dev-hugepages.mount - Huge Pages File System.
1775252139.524386 localhost systemd[1]: Mounted dev-mqueue.mount - POSIX Message Queue File System.
1775252139.524391 localhost systemd[1]: Mounted sys-kernel-debug.mount - Kernel Debug File System.
1775252139.524397 localhost systemd[1]: Mounted sys-kernel-tracing.mount - Kernel Trace File System.
1775252139.524401 localhost systemd[1]: Finished kmod-static-nodes.service - Create List of Static Device Nodes.
1775252139.524406 localhost systemd[1]: modprobe@configfs.service: Deactivated successfully.
1775252139.524411 localhost systemd[1]: Finished modprobe@configfs.service - Load Kernel Module configfs.
1775252139.524416 localhost systemd[1]: modprobe@dm_mod.service: Deactivated successfully.
1775252139.524420 localhost systemd[1]: Finished modprobe@dm_mod.service - Load Kernel Module dm_mod.
1775252139.524425 localhost systemd[1]: modprobe@drm.service: Deactivated successfully.
1775252139.524430 localhost systemd[1]: Finished modprobe@drm.service - Load Kernel Module drm.
1775252139.524434 localhost systemd[1]: modprobe@fuse.service: Deactivated successfully.
1775252139.524439 localhost systemd[1]: Finished modprobe@fuse.service - Load Kernel Module fuse.
1775252139.524443 localhost systemd[1]: modprobe@loop.service: Deactivated successfully.
1775252139.524449 localhost systemd[1]: Finished modprobe@loop.service - Load Kernel Module loop.
1775252139.524454 localhost systemd[1]: Mounting sys-fs-fuse-connections.mount - FUSE Control File System...
1775252139.524458 localhost systemd[1]: Mounting sys-kernel-config.mount - Kernel Configuration File System...
1775252139.524463 localhost systemd[1]: systemd-repart.service - Repartition Root Disk was skipped because no trigger condition checks were met.
1775252139.524468 localhost systemd[1]: Starting systemd-tmpfiles-setup-dev-early.service - Create Static Device Nodes in /dev gracefully...
1775252139.524473 localhost systemd[1]: Mounted sys-fs-fuse-connections.mount - FUSE Control File System.
1775252139.524477 localhost systemd[1]: Mounted sys-kernel-config.mount - Kernel Configuration File System.
1775252139.524482 localhost systemd[1]: modprobe@efi_pstore.service: Deactivated successfully.
1775252139.524487 localhost systemd[1]: Finished modprobe@efi_pstore.service - Load Kernel Module efi_pstore.
1775252139.524505 localhost systemd-journald[307]: Collecting audit messages is disabled.
1775252139.524519 localhost kernel: workqueue: drm_fb_helper_damage_work hogged CPU for >10000us 16 times, consider switching to WQ_UNBOUND
1775252139.524525 localhost systemd-journald[307]: Journal started
1775252139.524539 localhost systemd-journald[307]: Runtime Journal (/run/log/journal/560b026a44d3424ea490d29e1a7e2775) is 4.5M, max 36.2M, 31.7M free.
1775252139.525707 localhost systemd[1]: Started systemd-journald.service - Journal Service.
1775252139.618350 localhost kernel: EXT4-fs (dm-0): re-mounted 78dfc1ab-05ce-40b9-a2f8-2f3e03168145 r/w.
1775252139.618493 localhost systemd[1]: Finished systemd-remount-fs.service - Remount Root and Kernel File Systems.
1775252139.625476 localhost systemd[1]: Activating swap swap.img.swap - /swap.img...
1775252139.628388 localhost systemd[1]: Starting multipathd.service - Device-Mapper Multipath Device Controller...
1775252139.691134 localhost systemd[1]: systemd-hwdb-update.service - Rebuild Hardware Database was skipped because of an unmet condition check (ConditionNeedsUpdate=/etc).
1775252139.696447 localhost systemd[1]: Starting systemd-journal-flush.service - Flush Journal to Persistent Storage...
1775252139.697150 localhost systemd[1]: systemd-pstore.service - Platform Persistent Storage Archival was skipped because of an unmet condition check (ConditionDirectoryNotEmpty=/sys/fs/pstore).
1775252139.699240 localhost systemd[1]: Starting systemd-random-seed.service - Load/Save OS Random Seed...
1775252139.699631 localhost systemd[1]: systemd-tpm2-setup.service - TPM2 SRK Setup was skipped because of an unmet condition check (ConditionSecurity=measured-uki).
1775252139.701156 localhost systemd-journald[307]: Time spent on flushing to /var/log/journal/560b026a44d3424ea490d29e1a7e2775 is 1.476846s for 747 entries.
1775252139.701156 localhost systemd-journald[307]: System Journal (/var/log/journal/560b026a44d3424ea490d29e1a7e2775) is 65.7M, max 1.4G, 1.4G free.
1775252139.701079 eltex-practice2-pg1-v3 systemd-modules-load[319]: Inserted module 'msr'
1775252139.701572 eltex-practice2-pg1-v3 systemd[1]: Finished keyboard-setup.service - Set the console keyboard layout.
1775252139.702900 eltex-practice2-pg1-v3 systemd[1]: Finished systemd-modules-load.service - Load Kernel Modules.
1775252139.708954 eltex-practice2-pg1-v3 systemd[1]: Starting systemd-sysctl.service - Apply Kernel Variables...
1775252139.906693 eltex-practice2-pg1-v3 systemd[1]: Finished systemd-udev-trigger.service - Coldplug All udev Devices.
1775252139.922120 eltex-practice2-pg1-v3 systemd[1]: Finished lvm2-monitor.service - Monitoring of LVM2 mirrors, snapshots etc. using dmeventd or progress polling.
1775252139.928803 eltex-practice2-pg1-v3 systemd[1]: Activated swap swap.img.swap - /swap.img.
1775252139.929127 eltex-practice2-pg1-v3 systemd[1]: Reached target swap.target - Swaps.
1775252139.965407 eltex-practice2-pg1-v3 systemd[1]: Finished systemd-tmpfiles-setup-dev-early.service - Create Static Device Nodes in /dev gracefully.
1775252139.966828 eltex-practice2-pg1-v3 systemd[1]: systemd-sysusers.service - Create System Users was skipped because no trigger condition checks were met.
1775252139.973691 eltex-practice2-pg1-v3 systemd[1]: Starting systemd-tmpfiles-setup-dev.service - Create Static Device Nodes in /dev...
1775252139.977685 eltex-practice2-pg1-v3 systemd[1]: Finished systemd-tmpfiles-setup-dev.service - Create Static Device Nodes in /dev.
1775252139.979457 eltex-practice2-pg1-v3 systemd[1]: Starting systemd-udevd.service - Rule-based Manager for Device Events and Files...
1775252140.021424 eltex-practice2-pg1-v3 systemd[1]: Finished systemd-sysctl.service - Apply Kernel Variables.
1775252140.035650 eltex-practice2-pg1-v3 systemd-udevd[369]: Using default interface naming scheme 'v255'.
1775252140.488305 eltex-practice2-pg1-v3 systemd[1]: Started systemd-udevd.service - Rule-based Manager for Device Events and Files.
1775252140.488809 eltex-practice2-pg1-v3 systemd[1]: plymouth-start.service - Show Plymouth Boot Screen was skipped because of an unmet condition check (ConditionKernelCommandLine=splash).
1775252140.488858 eltex-practice2-pg1-v3 systemd[1]: Started systemd-ask-password-console.path - Dispatch Password Requests to Console Directory Watch.
1775252140.489241 eltex-practice2-pg1-v3 systemd[1]: systemd-ask-password-plymouth.path - Forward Password Requests to Plymouth Directory Watch was skipped because of an unmet condition check (ConditionPathExists=/run/plymouth/pid).
1775252140.489252 eltex-practice2-pg1-v3 systemd[1]: Reached target cryptsetup.target - Local Encrypted Volumes.
1775252140.591755 eltex-practice2-pg1-v3 systemd[1]: Started multipathd.service - Device-Mapper Multipath Device Controller.
1775252140.592511 eltex-practice2-pg1-v3 systemd[1]: Reached target local-fs-pre.target - Preparation for Local File Systems.
1775252141.131413 eltex-practice2-pg1-v3 systemd[1]: Listening on systemd-rfkill.socket - Load/Save RF Kill Switch Status /dev/rfkill Watch.
1775252141.188197 eltex-practice2-pg1-v3 systemd[1]: Condition check resulted in dev-virtio\x2dports-org.qemu.guest_agent.0.device - /dev/virtio-ports/org.qemu.guest_agent.0 being skipped.
1775252141.195464 eltex-practice2-pg1-v3 systemd[1]: Starting modprobe@dm_mod.service - Load Kernel Module dm_mod...
1775252141.199429 eltex-practice2-pg1-v3 systemd[1]: Starting modprobe@efi_pstore.service - Load Kernel Module efi_pstore...
1775252141.200228 eltex-practice2-pg1-v3 systemd[1]: Starting modprobe@loop.service - Load Kernel Module loop...
1775252141.200608 eltex-practice2-pg1-v3 systemd[1]: netplan-ovs-cleanup.service - OpenVSwitch configuration for cleanup was skipped because of an unmet condition check (ConditionFileIsExecutable=/usr/bin/ovs-vsctl).
1775252141.200638 eltex-practice2-pg1-v3 systemd[1]: plymouth-start.service - Show Plymouth Boot Screen was skipped because of an unmet condition check (ConditionKernelCommandLine=splash).
1775252141.200650 eltex-practice2-pg1-v3 systemd[1]: systemd-ask-password-plymouth.path - Forward Password Requests to Plymouth Directory Watch was skipped because of an unmet condition check (ConditionPathExists=/run/plymouth/pid).
1775252141.200671 eltex-practice2-pg1-v3 systemd[1]: systemd-fsck-root.service - File System Check on Root Device was skipped because of an unmet condition check (ConditionPathExists=!/run/initramfs/fsck-root).
1775252141.200706 eltex-practice2-pg1-v3 systemd[1]: systemd-hwdb-update.service - Rebuild Hardware Database was skipped because of an unmet condition check (ConditionNeedsUpdate=/etc).
1775252141.200725 eltex-practice2-pg1-v3 systemd[1]: systemd-pcrmachine.service - TPM2 PCR Machine ID Measurement was skipped because of an unmet condition check (ConditionSecurity=measured-uki).
1775252141.200751 eltex-practice2-pg1-v3 systemd[1]: systemd-sysusers.service - Create System Users was skipped because no trigger condition checks were met.
1775252141.200767 eltex-practice2-pg1-v3 systemd[1]: systemd-tpm2-setup-early.service - TPM2 SRK Setup (Early) was skipped because of an unmet condition check (ConditionSecurity=measured-uki).
1775252141.200774 eltex-practice2-pg1-v3 systemd[1]: systemd-tpm2-setup.service - TPM2 SRK Setup was skipped because of an unmet condition check (ConditionSecurity=measured-uki).
1775252141.200914 eltex-practice2-pg1-v3 systemd[1]: modprobe@dm_mod.service: Deactivated successfully.
1775252141.201389 eltex-practice2-pg1-v3 systemd[1]: Finished modprobe@dm_mod.service - Load Kernel Module dm_mod.
1775252141.205742 eltex-practice2-pg1-v3 systemd[1]: modprobe@efi_pstore.service: Deactivated successfully.
1775252141.205812 eltex-practice2-pg1-v3 systemd[1]: Finished modprobe@efi_pstore.service - Load Kernel Module efi_pstore.
1775252141.206256 eltex-practice2-pg1-v3 systemd[1]: systemd-pstore.service - Platform Persistent Storage Archival was skipped because of an unmet condition check (ConditionDirectoryNotEmpty=/sys/fs/pstore).
1775252141.207408 eltex-practice2-pg1-v3 systemd[1]: modprobe@loop.service: Deactivated successfully.
1775252141.207473 eltex-practice2-pg1-v3 systemd[1]: Finished modprobe@loop.service - Load Kernel Module loop.
1775252141.207859 eltex-practice2-pg1-v3 systemd[1]: systemd-repart.service - Repartition Root Disk was skipped because no trigger condition checks were met.
1775252141.404171 eltex-practice2-pg1-v3 lvm[457]: PV /dev/sda3 online, VG ubuntu-vg is complete.
1775252141.404178 eltex-practice2-pg1-v3 lvm[457]: VG ubuntu-vg finished
1775252141.409017 eltex-practice2-pg1-v3 systemd[1]: Found device dev-disk-by\x2duuid-c3f8f018\x2df5f7\x2d4a5d\x2d92a1\x2d12ee87108672.device - QEMU_HARDDISK 2.
1775252141.446460 eltex-practice2-pg1-v3 systemd[1]: Starting systemd-fsck@dev-disk-by\x2duuid-c3f8f018\x2df5f7\x2d4a5d\x2d92a1\x2d12ee87108672.service - File System Check on /dev/disk/by-uuid/c3f8f018-f5f7-4a5d-92a1-12ee87108672...
1775252141.739462 eltex-practice2-pg1-v3 systemd[1]: Started systemd-fsckd.service - File System Check Daemon to report status.
1775252142.187820 eltex-practice2-pg1-v3 systemd[1]: Finished systemd-fsck@dev-disk-by\x2duuid-c3f8f018\x2df5f7\x2d4a5d\x2d92a1\x2d12ee87108672.service - File System Check on /dev/disk/by-uuid/c3f8f018-f5f7-4a5d-92a1-12ee87108672.
1775252142.213572 eltex-practice2-pg1-v3 systemd[1]: Mounting boot.mount - /boot...
1775252142.214139 eltex-practice2-pg1-v3 systemd[1]: Finished systemd-random-seed.service - Load/Save OS Random Seed.
1775252142.246114 eltex-practice2-pg1-v3 systemd[1]: Mounted boot.mount - /boot.
1775252142.246479 eltex-practice2-pg1-v3 systemd[1]: Reached target local-fs.target - Local File Systems.
1775252142.247741 eltex-practice2-pg1-v3 systemd[1]: Listening on systemd-sysext.socket - System Extension Image Management (Varlink).
1775252142.252465 eltex-practice2-pg1-v3 systemd[1]: Starting apparmor.service - Load AppArmor profiles...
1775252142.254525 eltex-practice2-pg1-v3 systemd[1]: Starting console-setup.service - Set console font and keymap...
1775252142.256756 eltex-practice2-pg1-v3 systemd[1]: Starting finalrd.service - Create final runtime dir for shutdown pivot root...
1775252142.258317 eltex-practice2-pg1-v3 systemd[1]: ldconfig.service - Rebuild Dynamic Linker Cache was skipped because no trigger condition checks were met.
1775252142.259563 eltex-practice2-pg1-v3 systemd[1]: Starting plymouth-read-write.service - Tell Plymouth To Write Out Runtime Data...
1775252142.277423 eltex-practice2-pg1-v3 systemd[1]: Starting systemd-binfmt.service - Set Up Additional Binary Formats...
1775252142.279048 eltex-practice2-pg1-v3 systemd[1]: Starting ufw.service - Uncomplicated firewall...
1775252142.280722 eltex-practice2-pg1-v3 systemd[1]: Finished finalrd.service - Create final runtime dir for shutdown pivot root.
1775252142.281995 eltex-practice2-pg1-v3 systemd[1]: proc-sys-fs-binfmt_misc.automount: Got automount request for /proc/sys/fs/binfmt_misc, triggered by 516 (systemd-binfmt)
1775252142.282670 eltex-practice2-pg1-v3 systemd[1]: Mounting proc-sys-fs-binfmt_misc.mount - Arbitrary Executable File Formats File System...
1775252142.289076 eltex-practice2-pg1-v3 systemd[1]: Mounted proc-sys-fs-binfmt_misc.mount - Arbitrary Executable File Formats File System.
1775252142.316207 eltex-practice2-pg1-v3 systemd[1]: Finished ufw.service - Uncomplicated firewall.
1775252142.316712 eltex-practice2-pg1-v3 systemd[1]: Reached target network-pre.target - Preparation for Network.
1775252142.323443 eltex-practice2-pg1-v3 systemd[1]: Starting systemd-networkd.service - Network Configuration...
1775252142.323866 eltex-practice2-pg1-v3 systemd[1]: Finished systemd-binfmt.service - Set Up Additional Binary Formats.
1775252142.328969 eltex-practice2-pg1-v3 systemd[1]: Finished console-setup.service - Set console font and keymap.
1775252142.340895 eltex-practice2-pg1-v3 systemd[1]: Finished plymouth-read-write.service - Tell Plymouth To Write Out Runtime Data.
1775252143.462188 eltex-practice2-pg1-v3 systemd-networkd[521]: lo: Link UP
1775252143.462233 eltex-practice2-pg1-v3 systemd-networkd[521]: lo: Gained carrier
1775252143.463198 eltex-practice2-pg1-v3 systemd-networkd[521]: Enumeration completed
1775252143.463273 eltex-practice2-pg1-v3 systemd[1]: Started systemd-networkd.service - Network Configuration.
1775252143.466977 eltex-practice2-pg1-v3 systemd-networkd[521]: ens18: Configuring with /run/systemd/network/10-netplan-ens18.network.
1775252143.467702 eltex-practice2-pg1-v3 systemd-networkd[521]: ens18: Link UP
1775252143.467816 eltex-practice2-pg1-v3 systemd-networkd[521]: ens18: Gained carrier
1775252143.472105 eltex-practice2-pg1-v3 systemd[1]: Starting systemd-networkd-wait-online.service - Wait for Network to be Configured...
1775252143.477373 eltex-practice2-pg1-v3 systemd-networkd[521]: ens18: DHCPv4 address 172.16.9.177/23, gateway 172.16.8.1 acquired from 172.16.8.1
1775252144.732249 eltex-practice2-pg1-v3 systemd[1]: Finished apparmor.service - Load AppArmor profiles.
1775252144.750441 eltex-practice2-pg1-v3 systemd[1]: Starting snapd.apparmor.service - Load AppArmor profiles managed internally by snapd...
1775252145.172656 eltex-practice2-pg1-v3 systemd-networkd[521]: ens18: Gained IPv6LL
1775252145.189801 eltex-practice2-pg1-v3 systemd[1]: Finished systemd-networkd-wait-online.service - Wait for Network to be Configured.
1775252145.790348 eltex-practice2-pg1-v3 systemd[1]: Finished snapd.apparmor.service - Load AppArmor profiles managed internally by snapd.

=== auth.log sources ===
1657      logged out. Waiting for processes to exit.
1783      logged out. Waiting for processes to exit.
1785      logged out. Waiting for processes to exit.
1792      logged out. Waiting for processes to exit.
1794      logged out. Waiting for processes to exit.
1796      logged out. Waiting for processes to exit.
1799      logged out. Waiting for processes to exit.
added      to /etc/group: name=practicegrp, GID=1005
added      to /etc/group: name=user2, GID=1002
added      to /etc/group: name=user2, GID=1002
added      to /etc/group: name=user3, GID=1003
added      to /etc/group: name=user3, GID=1003
added      to /etc/gshadow: name=practicegrp
added      to /etc/gshadow: name=user2
added      to /etc/gshadow: name=user2
added      to /etc/gshadow: name=user3
added      to /etc/gshadow: name=user3
closed      by authenticating user root 172.16.8.4 port 53860 [preauth]
closed      by authenticating user root 172.16.8.4 port 53862 [preauth]
closed      by authenticating user root 172.16.8.4 port 55518 [preauth]
closed      by authenticating user root 172.16.8.4 port 55522 [preauth]
disconnect      from 172.16.8.4 port 37552:11: disconnected by user
disconnect      from 172.16.8.4 port 38572:11: disconnected by user
disconnect      from 172.16.8.4 port 46166:11: disconnected by user
disconnect      from 172.16.8.4 port 47462:11: disconnected by user
disconnect      from 172.16.8.4 port 47780:11: disconnected by user
disconnect      from 172.16.8.4 port 53870:11: disconnected by user
disconnect      from 172.16.8.4 port 55538:11: disconnected by user
from      user root 172.16.8.4 port 37552
from      user root 172.16.8.4 port 38572
from      user root 172.16.8.4 port 46166
from      user root 172.16.8.4 port 47462
from      user root 172.16.8.4 port 47780
from      user root 172.16.8.4 port 53870
from      user root 172.16.8.4 port 55538
garbage      unconditionally...
garbage      unconditionally...
garbage      unconditionally...
garbage      unconditionally...
group:      name=practicegrp, GID=1005
group:      name=user1, GID=1001
group:      name=user1, GID=1001
group:      name=user2, GID=1002
group:      name=user2, GID=1002
group:      name=user3, GID=1003
group:      name=user3, GID=1003
group      'user1' owned by 'user1'
group      'user2' owned by 'user2'
group      'user3' owned by 'user3'
listening      on 0.0.0.0 port 22.
listening      on :: port 22.
loading,      compiling and executing 6 rules
loading,      compiling and executing 6 rules
loading,      compiling and executing 6 rules
loading,      compiling and executing 6 rules
loading,      compiling and executing 6 rules
login      by root (UID: 1003) on /dev/pts/0
login      by root (UID: 1003) on /dev/pts/0
login      by root (UID: 1003) on /dev/pts/0
of      group users set by root to user2
of      group users set by root to user2
of      group users set by root to user2,user3
of      group users set by root to user2,user3
password      changed for user1
password      changed for user1
password      changed for user2
password      changed for user2
password      changed for user3
password      changed for user3
password      expiry for user1
password      expiry for user1
password      expiry for user2
password      expiry for user2
password      expiry for user3
password      expiry for user3
publickey      for root from 172.16.8.4 port 37552 ssh2: RSA SHA256:ew6gYfTVTBrwKLPz5+YyVu0KjRMSxyMjI5WmNvF6vuA
publickey      for root from 172.16.8.4 port 38572 ssh2: RSA SHA256:ew6gYfTVTBrwKLPz5+YyVu0KjRMSxyMjI5WmNvF6vuA
publickey      for root from 172.16.8.4 port 46166 ssh2: RSA SHA256:ew6gYfTVTBrwKLPz5+YyVu0KjRMSxyMjI5WmNvF6vuA
publickey      for root from 172.16.8.4 port 47462 ssh2: RSA SHA256:fwdhORZOB+VfTL+bY4rJS97jDg56d9Ok239vQHWIdN8
publickey      for root from 172.16.8.4 port 47780 ssh2: RSA SHA256:fwdhORZOB+VfTL+bY4rJS97jDg56d9Ok239vQHWIdN8
publickey      for root from 172.16.8.4 port 53870 ssh2: RSA SHA256:ew6gYfTVTBrwKLPz5+YyVu0KjRMSxyMjI5WmNvF6vuA
publickey      for root from 172.16.8.4 port 55538 ssh2: ED25519 SHA256:J8+JcLPnvgr1Sqm4DIHbWKQj9OSVy0K5snoe7Jgcexs
publickey      for root from 172.16.8.4 port 55822 ssh2: RSA SHA256:fwdhORZOB+VfTL+bY4rJS97jDg56d9Ok239vQHWIdN8
rules     
rules     
rules     
rules     
rules      from directory /etc/polkit-1/rules.d
rules      from directory /etc/polkit-1/rules.d
rules      from directory /etc/polkit-1/rules.d
rules      from directory /etc/polkit-1/rules.d
rules      from directory /etc/polkit-1/rules.d
rules      from directory /usr/share/polkit-1/rules.d
rules      from directory /usr/share/polkit-1/rules.d
rules      from directory /usr/share/polkit-1/rules.d
rules      from directory /usr/share/polkit-1/rules.d
rules      from directory /usr/share/polkit-1/rules.d
session      1657.
session      1657 of user root.
session      1783.
session      1783 of user root.
session      1785.
session      1785 of user root.
session      1792.
session      1792 of user root.
session      1794.
session      1794 of user root.
session      1796.
session      1796 of user root.
session      1799.
session      1799 of user root.
session      2169 of user root.
session      closed for user root
session      closed for user root
session      closed for user root
session      closed for user root
session      closed for user root
session      closed for user root
session      closed for user root
session      closed for user root
session      closed for user root
session      closed for user root
session      closed for user root
session      closed for user root
session      closed for user root
session      closed for user root
session      closed for user root
session      closed for user root
session      closed for user root
session      closed for user root
session      closed for user root
session      closed for user root
session      closed for user root
session      closed for user root
session      closed for user root
session      closed for user root
session      closed for user root
session      closed for user root
session      closed for user root
session      closed for user root
session      closed for user root
session      closed for user root
session      closed for user root
session      closed for user root
session      closed for user root
session      closed for user root
session      closed for user root
session      closed for user root
session      closed for user root
session      closed for user root
session      closed for user root
session      closed for user root
session      closed for user root
session      closed for user root
session      closed for user root
session      closed for user root
session      closed for user root
session      closed for user root
session      closed for user root
session      closed for user root
session      closed for user root
session      closed for user root
session      closed for user root
session      closed for user root
session      closed for user root
session      closed for user root
session      closed for user root
session      closed for user root
session      closed for user root
session      closed for user root
session      closed for user root
session      closed for user root
session      closed for user root
session      closed for user root
session      closed for user root
session      closed for user root
session      closed for user root
session      closed for user root
session      closed for user root
session      closed for user root
session      closed for user root
session      closed for user root
session      closed for user root
session      closed for user root
session      closed for user root
session      closed for user root
session      closed for user root
session      closed for user root
session      closed for user root
session      closed for user root
session      closed for user root
session      closed for user root
session      closed for user root
session      closed for user root
session      closed for user root
session      closed for user root
session      closed for user root
session      closed for user root
session      closed for user root
session      closed for user root
session      closed for user root
session      closed for user root
session      closed for user root
session      closed for user root
session      closed for user root
session      closed for user root
session      closed for user root
session      closed for user root
session      closed for user root
session      closed for user root
session      closed for user root
session      closed for user root
session      closed for user root
session      closed for user root
session      closed for user root
session      closed for user root
session      closed for user root
session      closed for user root
session      closed for user root
session      closed for user root
session      closed for user root
session      closed for user root
session      closed for user root
session      closed for user root
session      closed for user root
session      closed for user root
session      closed for user root
session      closed for user root
session      closed for user root
session      closed for user root
session      closed for user root
session      closed for user root
session      closed for user root
session      closed for user root
session      closed for user root
session      closed for user root
session      closed for user root
session      closed for user root
session      closed for user root
session      closed for user root
session      closed for user root
session      closed for user root
session      closed for user root
session      closed for user root
session      closed for user root
session      closed for user root
session      closed for user root
session      closed for user root
session      closed for user root
session      closed for user root
session      closed for user root
session      closed for user root
session      closed for user root
session      closed for user root
session      closed for user root
session      closed for user root
session      closed for user root
session      closed for user root
session      closed for user root
session      closed for user root
session      closed for user root
session      closed for user root
session      closed for user root
session      closed for user root
session      closed for user root
session      closed for user root
session      closed for user root
session      closed for user root
session      closed for user root
session      closed for user root
session      closed for user root
session      closed for user root
session      closed for user root
session      closed for user root
session      closed for user root
session      closed for user root
session      closed for user root
session      closed for user root
session      closed for user root
session      closed for user root
session      closed for user root
session      closed for user root
session      closed for user root
session      closed for user root
session      closed for user root
session      closed for user root
session      closed for user root
session      closed for user root
session      closed for user root
session      closed for user root
session      closed for user root
session      closed for user root
session      closed for user root
session      closed for user root
session      closed for user root
session      closed for user root
session      closed for user root
session      closed for user root
session      closed for user root
session      closed for user root
session      closed for user root
session      closed for user root
session      closed for user root
session      closed for user root
session      closed for user root
session      closed for user root
session      closed for user root
session      closed for user root
session      closed for user root
session      closed for user root
session      closed for user root
session      closed for user root
session      closed for user root
session      closed for user root
session      closed for user root
session      closed for user root
session      closed for user root
session      closed for user root
session      closed for user root
session      closed for user root
session      closed for user root
session      closed for user root
session      closed for user root
session      closed for user root
session      closed for user root
session      closed for user root
session      closed for user root
session      closed for user root
session      closed for user root
session      closed for user root
session      closed for user root
session      closed for user root
session      closed for user root
session      closed for user root
session      closed for user root
session      closed for user root
session      closed for user root
session      closed for user root
session      closed for user root
session      closed for user root
session      closed for user root
session      closed for user root
session      closed for user root
session      closed for user root
session      closed for user root
session      closed for user root
session      closed for user root
session      closed for user root
session      closed for user root
session      closed for user root
session      closed for user root
session      closed for user root
session      closed for user root
session      closed for user root
session      closed for user root
session      closed for user root
session      closed for user root
session      closed for user root
session      closed for user root
session      closed for user root
session      closed for user root
session      closed for user root
session      closed for user root
session      closed for user root
session      closed for user root
session      closed for user root
session      closed for user root
session      closed for user root
session      closed for user root
session      closed for user root
session      closed for user root
session      closed for user root
session      closed for user root
session      closed for user root
session      closed for user root
session      closed for user root
session      closed for user root
session      closed for user root
session      closed for user root
session      closed for user root
session      closed for user root
session      closed for user root
session      closed for user root
session      closed for user root
session      closed for user root
session      closed for user root
session      closed for user root
session      closed for user root
session      closed for user root
session      closed for user root
session      closed for user root
session      closed for user root
session      closed for user root
session      closed for user root
session      closed for user root
session      closed for user root
session      closed for user root
session      closed for user root
session      closed for user root
session      closed for user root
session      closed for user root
session      closed for user root
session      closed for user root
session      closed for user root
session      closed for user root
session      closed for user root
session      closed for user root
session      closed for user root
session      closed for user root
session      closed for user root
session      closed for user root
session      closed for user root
session      closed for user root
session      closed for user root
session      closed for user root
session      closed for user root
session      closed for user root
session      closed for user root
session      closed for user root
session      closed for user root
session      closed for user root
session      closed for user root
session      closed for user root
session      closed for user root
session      closed for user root
session      closed for user root
session      closed for user root
session      closed for user root
session      closed for user root
session      closed for user root
session      closed for user root
session      closed for user root
session      closed for user root
session      closed for user root
session      closed for user root
session      closed for user root
session      closed for user root
session      closed for user root
session      closed for user root
session      closed for user root
session      closed for user root
session      closed for user root
session      closed for user root
session      closed for user root
session      closed for user root
session      closed for user root
session      closed for user root
session      closed for user root
session      closed for user root
session      closed for user root
session      closed for user root
session      closed for user root
session      closed for user root
session      closed for user root
session      closed for user root
session      closed for user root
session      closed for user root
session      closed for user root
session      closed for user root
session      closed for user root
session      closed for user root
session      closed for user root
session      closed for user root
session      closed for user root
session      closed for user root
session      closed for user root
session      closed for user root
session      closed for user root
session      closed for user root
session      closed for user root
session      closed for user root
session      closed for user root
session      closed for user root
session      closed for user root
session      closed for user root
session      closed for user root
session      closed for user root
session      closed for user root
session      closed for user root
session      closed for user root
session      closed for user root
session      closed for user root
session      closed for user root
session      closed for user root
session      closed for user root
session      closed for user root
session      closed for user root
session      closed for user root
session      closed for user root
session      closed for user root
session      closed for user root
session      closed for user root
session      closed for user root
session      closed for user root
session      closed for user root
session      closed for user root
session      closed for user root
session      closed for user root
session      closed for user root
session      closed for user root
session      closed for user root
session      closed for user root
session      closed for user root
session      closed for user root
session      closed for user root
session      closed for user root
session      closed for user root
session      closed for user root
session      closed for user root
session      closed for user root
session      closed for user root
session      closed for user root
session      closed for user root
session      closed for user root
session      closed for user root
session      closed for user root
session      closed for user root
session      closed for user root
session      closed for user root
session      closed for user root
session      closed for user root
session      closed for user root
session      closed for user root
session      closed for user root
session      closed for user root
session      closed for user root
session      closed for user root
session      closed for user root
session      closed for user root
session      closed for user root
session      closed for user root
session      closed for user root
session      closed for user root
session      closed for user root
session      closed for user root
session      closed for user root
session      closed for user root
session      closed for user root
session      closed for user root
session      closed for user root
session      closed for user root
session      closed for user root
session      closed for user root
session      closed for user root
session      closed for user root
session      closed for user root
session      closed for user root
session      closed for user root
session      closed for user root
session      closed for user root
session      closed for user root
session      closed for user root
session      closed for user root
session      closed for user root
session      closed for user root
session      closed for user root
session      closed for user root
session      closed for user root
session      closed for user root
session      closed for user root
session      closed for user root
session      closed for user root
session      closed for user root
session      closed for user root
session      closed for user root
session      closed for user root
session      closed for user root
session      closed for user root
session      closed for user root
session      closed for user root
session      closed for user root
session      closed for user root
session      closed for user root
session      closed for user root
session      closed for user root
session      closed for user root
session      closed for user root
session      closed for user root
session      closed for user root
session      closed for user root
session      closed for user root
session      closed for user root
session      closed for user root
session      closed for user root
session      closed for user root
session      closed for user root
session      closed for user root
session      closed for user root
session      closed for user root
session      closed for user root
session      closed for user root
session      closed for user root
session      closed for user root
session      closed for user root
session      closed for user root
session      closed for user root
